Component: ARM Compiler 5.06 update 7 (build 960) Tool: armlink [4d3601]

==============================================================================

Section Cross References

    startup_stm32f407xx.o(RESET) refers to startup_stm32f407xx.o(STACK) for __initial_sp
    startup_stm32f407xx.o(RESET) refers to startup_stm32f407xx.o(.text) for Reset_Handler
    startup_stm32f407xx.o(RESET) refers to stm32f4xx_it.o(i.NMI_Handler) for NMI_Handler
    startup_stm32f407xx.o(RESET) refers to stm32f4xx_it.o(i.HardFault_Handler) for HardFault_Handler
    startup_stm32f407xx.o(RESET) refers to stm32f4xx_it.o(i.MemManage_Handler) for MemManage_Handler
    startup_stm32f407xx.o(RESET) refers to stm32f4xx_it.o(i.BusFault_Handler) for BusFault_Handler
    startup_stm32f407xx.o(RESET) refers to stm32f4xx_it.o(i.UsageFault_Handler) for UsageFault_Handler
    startup_stm32f407xx.o(RESET) refers to port.o(.emb_text) for SVC_Handler
    startup_stm32f407xx.o(RESET) refers to stm32f4xx_it.o(i.DebugMon_Handler) for DebugMon_Handler
    startup_stm32f407xx.o(RESET) refers to port.o(i.SysTick_Handler) for SysTick_Handler
    startup_stm32f407xx.o(RESET) refers to stm32f4xx_it.o(i.CAN1_TX_IRQHandler) for CAN1_TX_IRQHandler
    startup_stm32f407xx.o(RESET) refers to stm32f4xx_it.o(i.CAN1_RX0_IRQHandler) for CAN1_RX0_IRQHandler
    startup_stm32f407xx.o(RESET) refers to stm32f4xx_it.o(i.USART1_IRQHandler) for USART1_IRQHandler
    startup_stm32f407xx.o(RESET) refers to stm32f4xx_it.o(i.TIM6_DAC_IRQHandler) for TIM6_DAC_IRQHandler
    startup_stm32f407xx.o(RESET) refers to stm32f4xx_it.o(i.DMA2_Stream2_IRQHandler) for DMA2_Stream2_IRQHandler
    startup_stm32f407xx.o(RESET) refers to stm32f4xx_it.o(i.DMA2_Stream7_IRQHandler) for DMA2_Stream7_IRQHandler
    startup_stm32f407xx.o(.text) refers to system_stm32f4xx.o(i.SystemInit) for SystemInit
    startup_stm32f407xx.o(.text) refers to entry.o(.ARM.Collect$$$$00000000) for __main
    main.o(i.HAL_TIM_PeriodElapsedCallback) refers to stm32f4xx_hal.o(i.HAL_IncTick) for HAL_IncTick
    main.o(i.SystemClock_Config) refers to memseta.o(.text) for __aeabi_memclr4
    main.o(i.SystemClock_Config) refers to stm32f4xx_hal_rcc.o(i.HAL_RCC_OscConfig) for HAL_RCC_OscConfig
    main.o(i.SystemClock_Config) refers to stm32f4xx_hal_rcc.o(i.HAL_RCC_ClockConfig) for HAL_RCC_ClockConfig
    main.o(i.fgetc) refers to stm32f4xx_hal_uart.o(i.HAL_UART_Receive) for HAL_UART_Receive
    main.o(i.fgetc) refers to usart.o(.bss) for huart1
    main.o(i.fputc) refers to stm32f4xx_hal_uart.o(i.HAL_UART_Transmit) for HAL_UART_Transmit
    main.o(i.fputc) refers to usart.o(.bss) for huart1
    main.o(i.main) refers to stm32f4xx_hal.o(i.HAL_Init) for HAL_Init
    main.o(i.main) refers to main.o(i.SystemClock_Config) for SystemClock_Config
    main.o(i.main) refers to gpio.o(i.MX_GPIO_Init) for MX_GPIO_Init
    main.o(i.main) refers to dma.o(i.MX_DMA_Init) for MX_DMA_Init
    main.o(i.main) refers to usart.o(i.MX_USART1_UART_Init) for MX_USART1_UART_Init
    main.o(i.main) refers to can.o(i.MX_CAN1_Init) for MX_CAN1_Init
    main.o(i.main) refers to bsp_can.o(i.can_filter_init) for can_filter_init
    main.o(i.main) refers to stm32f4xx_hal_can.o(i.HAL_CAN_Start) for HAL_CAN_Start
    main.o(i.main) refers to stm32f4xx_hal_can.o(i.HAL_CAN_ActivateNotification) for HAL_CAN_ActivateNotification
    main.o(i.main) refers to stm32f4xx_hal_uart.o(i.HAL_UART_Receive_DMA) for HAL_UART_Receive_DMA
    main.o(i.main) refers to angle_loop.o(i.ang_init) for ang_init
    main.o(i.main) refers to angle_loop.o(i.spd_init) for spd_init
    main.o(i.main) refers to freertos.o(i.MX_FREERTOS_Init) for MX_FREERTOS_Init
    main.o(i.main) refers to cmsis_os.o(i.osKernelStart) for osKernelStart
    main.o(i.main) refers to can.o(.bss) for hcan1
    main.o(i.main) refers to usart.o(.bss) for huart1
    main.o(i.main) refers to main.o(.bss) for .bss
    freertos.o(i.MX_FREERTOS_Init) refers to memcpya.o(.text) for __aeabi_memcpy4
    freertos.o(i.MX_FREERTOS_Init) refers to cmsis_os.o(i.osThreadCreate) for osThreadCreate
    freertos.o(i.MX_FREERTOS_Init) refers to freertos.o(.constdata) for .constdata
    freertos.o(i.MX_FREERTOS_Init) refers to freertos.o(.data) for .data
    freertos.o(i.StartDefaultTask) refers to angle_loop.o(i.spd_control_loop) for spd_control_loop
    freertos.o(i.StartDefaultTask) refers to cmsis_os.o(i.osDelay) for osDelay
    freertos.o(i.StartDefaultTask) refers to freertos.o(.bss) for .bss
    freertos.o(i.StartTask02) refers to angle_loop.o(i.motor_state_update) for motor_state_update
    freertos.o(i.StartTask02) refers to cmsis_os.o(i.osDelay) for osDelay
    freertos.o(i.StartTask02) refers to bsp_can.o(.bss) for motor_data
    freertos.o(i.StartTask02) refers to main.o(.data) for ANG
    freertos.o(i.StartTask02) refers to main.o(.data) for SPD
    freertos.o(i.StartTask02) refers to freertos.o(.bss) for .bss
    freertos.o(i.StartTask02) refers to main.o(.data) for TGT_ANG
[...]
    Angle_loop.c                             0x00000000   Number         0  angle_loop.o ABSOLUTE
    Angle_loop.c                             0x00000000   Number         0  angle_loop.o ABSOLUTE
    bsp_can.c                                0x00000000   Number         0  bsp_can.o ABSOLUTE
    bsp_can.c                                0x00000000   Number         0  bsp_can.o ABSOLUTE
    dc.s                                     0x00000000   Number         0  dc.o ABSOLUTE
    handlers.s                               0x00000000   Number         0  handlers.o ABSOLUTE
    init.s                                   0x00000000   Number         0  init.o ABSOLUTE
    pid.c                                    0x00000000   Number         0  pid.o ABSOLUTE
    startup_stm32f407xx.s                    0x00000000   Number         0  startup_stm32f407xx.o ABSOLUTE
    RESET                                    0x08000000   Section      392  startup_stm32f407xx.o(RESET)
    .ARM.Collect$$$$00000000                 0x08000188   Section        0  entry.o(.ARM.Collect$$$$00000000)
    .ARM.Collect$$$$00000001                 0x08000188   Section        4  entry2.o(.ARM.Collect$$$$00000001)
    .ARM.Collect$$$$00000004                 0x0800018c   Section        4  entry5.o(.ARM.Collect$$$$00000004)
    .ARM.Collect$$$$00000008                 0x08000190   Section        0  entry7b.o(.ARM.Collect$$$$00000008)
    .ARM.Collect$$$$0000000A                 0x08000190   Section        0  entry8b.o(.ARM.Collect$$$$0000000A)
    .ARM.Collect$$$$0000000B                 0x08000190   Section        8  entry9a.o(.ARM.Collect$$$$0000000B)
    .ARM.Collect$$$$0000000E                 0x08000198   Section        4  entry12b.o(.ARM.Collect$$$$0000000E)
    .ARM.Collect$$$$0000000F                 0x0800019c   Section        0  entry10a.o(.ARM.Collect$$$$0000000F)
    .ARM.Collect$$$$00000011                 0x0800019c   Section        0  entry11a.o(.ARM.Collect$$$$00000011)
    .ARM.Collect$$$$00002712                 0x0800019c   Section        4  entry2.o(.ARM.Collect$$$$00002712)
    __lit__00000000                          0x0800019c   Data           4  entry2.o(.ARM.Collect$$$$00002712)
    .emb_text                                0x080001a0   Section      190  port.o(.emb_text)
    $v0                                      0x080001a0   Number         0  port.o(.emb_text)
    .text                                    0x08000260   Section       36  startup_stm32f407xx.o(.text)
    $v0                                      0x08000260   Number         0  startup_stm32f407xx.o(.text)
    .text                                    0x08000284   Section        0  uldiv.o(.text)
    .text                                    0x080002e6   Section        0  memcpya.o(.text)
    .text                                    0x0800030a   Section        0  memseta.o(.text)
    .text                                    0x0800032e   Section        0  d2f.o(.text)
    .text                                    0x08000366   Section        0  llshl.o(.text)
    .text                                    0x08000384   Section        0  llushr.o(.text)
    .text                                    0x080003a4   Section        0  strtod.o(.text)
    _local_sscanf                            0x080003a5   Thumb Code    54  strtod.o(.text)
    .text                                    0x08000440   Section        0  iusefp.o(.text)
    .text                                    0x08000440   Section        0  fepilogue.o(.text)
    .text                                    0x080004b0   Section       36  init.o(.text)
    .text                                    0x080004d4   Section        0  isspace_c.o(.text)
    .text                                    0x080004e0   Section        0  scanf_fp.o(.text)
    _fp_value                                0x080004e1   Thumb Code   296  scanf_fp.o(.text)
    .text                                    0x08000840   Section        0  _sgetc.o(.text)
    .text                                    0x08000880   Section        0  ctype_c.o(.text)
    .text                                    0x080008a8   Section        0  dmul.o(.text)
    .text                                    0x0800098c   Section        0  ddiv.o(.text)
    .text                                    0x08000a6a   Section        0  dfltul.o(.text)
    .text                                    0x08000a82   Section        0  depilogue.o(.text)
    i.BusFault_Handler                       0x08000b3c   Section        0  stm32f4xx_it.o(i.BusFault_Handler)
    i.CAN1_RX0_IRQHandler                    0x08000b40   Section        0  stm32f4xx_it.o(i.CAN1_RX0_IRQHandler)
    i.CAN1_TX_IRQHandler                     0x08000b4c   Section        0  stm32f4xx_it.o(i.CAN1_TX_IRQHandler)
    i.CAN_cmd_chassis                        0x08000b58   Section        0  bsp_can.o(i.CAN_cmd_chassis)
    i.DMA2_Stream2_IRQHandler                0x08000ba0   Section        0  stm32f4xx_it.o(i.DMA2_Stream2_IRQHandler)
    i.DMA2_Stream7_IRQHandler                0x08000bac   Section        0  stm32f4xx_it.o(i.DMA2_Stream7_IRQHandler)
    i.DMA_CalcBaseAndBitshift                0x08000bb8   Section        0  stm32f4xx_hal_dma.o(i.DMA_CalcBaseAndBitshift)
    DMA_CalcBaseAndBitshift                  0x08000bb9   Thumb Code    34  stm32f4xx_hal_dma.o(i.DMA_CalcBaseAndBitshift)
    i.DMA_CheckFifoParam                     0x08000be0   Section        0  stm32f4xx_hal_dma.o(i.DMA_CheckFifoParam)
    DMA_CheckFifoParam                       0x08000be1   Thumb Code    84  stm32f4xx_hal_dma.o(i.DMA_CheckFifoParam)
    i.DMA_SetConfig                          0x08000c34   Section        0  stm32f4xx_hal_dma.o(i.DMA_SetConfig)
    DMA_SetConfig                            0x08000c35   Thumb Code    40  stm32f4xx_hal_dma.o(i.DMA_SetConfig)
    i.DebugMon_Handler                       0x08000c5c   Section        0  stm32f4xx_it.o(i.DebugMon_Handler)
    i.Error_Handler                          0x08000c5e   Section        0  main.o(i.Error_Handler)
    i.HAL_CAN_ActivateNotification           0x08000c62   Section        0  stm32f4xx_hal_can.o(i.HAL_CAN_ActivateNotification)
    i.HAL_CAN_AddTxMessage                   0x08000c86   Section        0  stm32f4xx_hal_can.o(i.HAL_CAN_AddTxMessage)
    i.HAL_CAN_ConfigFilter                   0x08000d64   Section        0  stm32f4xx_hal_can.o(i.HAL_CAN_ConfigFilter)
    i.HAL_CAN_ErrorCallback                  0x08000e70   Section        0  stm32f4xx_hal_can.o(i.HAL_CAN_ErrorCallback)
    i.HAL_CAN_GetRxMessage                   0x08000e72   Section        0  stm32f4xx_hal_can.o(i.HAL_CAN_GetRxMessage)
    i.HAL_CAN_IRQHandler                     0x08000f5a   Section        0  stm32f4xx_hal_can.o(i.HAL_CAN_IRQHandler)
    i.HAL_CAN_Init                           0x08001156   Section        0  stm32f4xx_hal_can.o(i.HAL_CAN_Init)
    i.HAL_CAN_MspInit                        0x08001270   Section        0  can.o(i.HAL_CAN_MspInit)
    i.HAL_CAN_RxFifo0FullCallback            0x080012f8   Section        0  stm32f4xx_hal_can.o(i.HAL_CAN_RxFifo0FullCallback)
    i.HAL_CAN_RxFifo0MsgPendingCallback      0x080012fc   Section        0  bsp_can.o(i.HAL_CAN_RxFifo0MsgPendingCallback)
    i.HAL_CAN_RxFifo1FullCallback            0x08001360   Section        0  stm32f4xx_hal_can.o(i.HAL_CAN_RxFifo1FullCallback)
    i.HAL_CAN_RxFifo1MsgPendingCallback      0x08001362   Section        0  stm32f4xx_hal_can.o(i.HAL_CAN_RxFifo1MsgPendingCallback)
    i.HAL_CAN_SleepCallback                  0x08001364   Section        0  stm32f4xx_hal_can.o(i.HAL_CAN_SleepCallback)
    i.HAL_CAN_Start                          0x08001368   Section        0  stm32f4xx_hal_can.o(i.HAL_CAN_Start)
    i.HAL_CAN_TxMailbox0AbortCallback        0x080013c0   Section        0  stm32f4xx_hal_can.o(i.HAL_CAN_TxMailbox0AbortCallback)
    i.HAL_CAN_TxMailbox0CompleteCallback     0x080013c2   Section        0  stm32f4xx_hal_can.o(i.HAL_CAN_TxMailbox0CompleteCallback)
    i.HAL_CAN_TxMailbox1AbortCallback        0x080013c4   Section        0  stm32f4xx_hal_can.o(i.HAL_CAN_TxMailbox1AbortCallback)
    i.HAL_CAN_TxMailbox1CompleteCallback     0x080013c6   Section        0  stm32f4xx_hal_can.o(i.HAL_CAN_TxMailbox1CompleteCallback)
    i.HAL_CAN_TxMailbox2AbortCallback        0x080013c8   Section        0  stm32f4xx_hal_can.o(i.HAL_CAN_TxMailbox2AbortCallback)
    i.HAL_CAN_TxMailbox2CompleteCallback     0x080013ca   Section        0  stm32f4xx_hal_can.o(i.HAL_CAN_TxMailbox2CompleteCallback)
    i.HAL_CAN_WakeUpFromRxMsgCallback        0x080013cc   Section        0  stm32f4xx_hal_can.o(i.HAL_CAN_WakeUpFromRxMsgCallback)
    i.HAL_DMA_Abort                          0x080013ce   Section        0  stm32f4xx_hal_dma.o(i.HAL_DMA_Abort)
    i.HAL_DMA_Abort_IT                       0x08001460   Section        0  stm32f4xx_hal_dma.o(i.HAL_DMA_Abort_IT)
    i.HAL_DMA_IRQHandler                     0x08001484   Section        0  stm32f4xx_hal_dma.o(i.HAL_DMA_IRQHandler)
    i.HAL_DMA_Init                           0x08001624   Section        0  stm32f4xx_hal_dma.o(i.HAL_DMA_Init)
    i.HAL_DMA_Start_IT                       0x080016f8   Section        0  stm32f4xx_hal_dma.o(i.HAL_DMA_Start_IT)
    i.HAL_GPIO_Init                          0x08001768   Section        0  stm32f4xx_hal_gpio.o(i.HAL_GPIO_Init)
    i.HAL_GetTick                            0x08001958   Section        0  stm32f4xx_hal.o(i.HAL_GetTick)
    i.HAL_IncTick                            0x08001964   Section        0  stm32f4xx_hal.o(i.HAL_IncTick)
    i.HAL_Init                               0x08001974   Section        0  stm32f4xx_hal.o(i.HAL_Init)
    i.HAL_InitTick                           0x080019a8   Section        0  stm32f4xx_hal_timebase_tim.o(i.HAL_InitTick)
    i.HAL_MspInit                            0x08001a40   Section        0  stm32f4xx_hal_msp.o(i.HAL_MspInit)
    i.HAL_NVIC_EnableIRQ                     0x08001a78   Section        0  stm32f4xx_hal_cortex.o(i.HAL_NVIC_EnableIRQ)
    i.HAL_NVIC_SetPriority                   0x08001a94   Section        0  stm32f4xx_hal_cortex.o(i.HAL_NVIC_SetPriority)
    i.HAL_NVIC_SetPriorityGrouping           0x08001ad4   Section        0  stm32f4xx_hal_cortex.o(i.HAL_NVIC_SetPriorityGrouping)
    i.HAL_RCC_ClockConfig                    0x08001af8   Section        0  stm32f4xx_hal_rcc.o(i.HAL_RCC_ClockConfig)
    i.HAL_RCC_GetClockConfig                 0x08001c2c   Section        0  stm32f4xx_hal_rcc.o(i.HAL_RCC_GetClockConfig)
    i.HAL_RCC_GetPCLK1Freq                   0x08001c6c   Section        0  stm32f4xx_hal_rcc.o(i.HAL_RCC_GetPCLK1Freq)
    i.HAL_RCC_GetPCLK2Freq                   0x08001c8c   Section        0  stm32f4xx_hal_rcc.o(i.HAL_RCC_GetPCLK2Freq)
    i.HAL_RCC_GetSysClockFreq                0x08001cac   Section        0  stm32f4xx_hal_rcc.o(i.HAL_RCC_GetSysClockFreq)
    i.HAL_RCC_OscConfig                      0x08001d0c   Section        0  stm32f4xx_hal_rcc.o(i.HAL_RCC_OscConfig)
    i.HAL_TIMEx_BreakCallback                0x08002078   Section        0  stm32f4xx_hal_tim_ex.o(i.HAL_TIMEx_BreakCallback)
    i.HAL_TIMEx_CommutCallback               0x0800207a   Section        0  stm32f4xx_hal_tim_ex.o(i.HAL_TIMEx_CommutCallback)
    i.HAL_TIM_Base_Init                      0x0800207c   Section        0  stm32f4xx_hal_tim.o(i.HAL_TIM_Base_Init)
    i.HAL_TIM_Base_MspInit                   0x080020d6   Section        0  stm32f4xx_hal_tim.o(i.HAL_TIM_Base_MspInit)
    i.HAL_TIM_Base_Start_IT                  0x080020d8   Section        0  stm32f4xx_hal_tim.o(i.HAL_TIM_Base_Start_IT)
    i.HAL_TIM_IC_CaptureCallback             0x08002158   Section        0  stm32f4xx_hal_tim.o(i.HAL_TIM_IC_CaptureCallback)
    i.HAL_TIM_IRQHandler                     0x0800215a   Section        0  stm32f4xx_hal_tim.o(i.HAL_TIM_IRQHandler)
    i.HAL_TIM_OC_DelayElapsedCallback        0x080022c0   Section        0  stm32f4xx_hal_tim.o(i.HAL_TIM_OC_DelayElapsedCallback)
    i.HAL_TIM_PWM_PulseFinishedCallback      0x080022c2   Section        0  stm32f4xx_hal_tim.o(i.HAL_TIM_PWM_PulseFinishedCallback)
    i.HAL_TIM_PeriodElapsedCallback          0x080022c4   Section        0  main.o(i.HAL_TIM_PeriodElapsedCallback)
    i.HAL_TIM_TriggerCallback                0x080022d8   Section        0  stm32f4xx_hal_tim.o(i.HAL_TIM_TriggerCallback)
    i.HAL_UARTEx_RxEventCallback             0x080022da   Section        0  stm32f4xx_hal_uart.o(i.HAL_UARTEx_RxEventCallback)
    i.HAL_UART_DMAStop                       0x080022dc   Section        0  stm32f4xx_hal_uart.o(i.HAL_UART_DMAStop)
    i.HAL_UART_ErrorCallback                 0x0800234c   Section        0  stm32f4xx_hal_uart.o(i.HAL_UART_ErrorCallback)
    i.HAL_UART_IRQHandler                    0x08002350   Section        0  stm32f4xx_hal_uart.o(i.HAL_UART_IRQHandler)
    i.HAL_UART_Init                          0x080025b8   Section        0  stm32f4xx_hal_uart.o(i.HAL_UART_Init)
    i.HAL_UART_MspInit                       0x0800261c   Section        0  usart.o(i.HAL_UART_MspInit)
    i.HAL_UART_Receive_DMA                   0x08002704   Section        0  stm32f4xx_hal_uart.o(i.HAL_UART_Receive_DMA)
    i.HAL_UART_RxCpltCallback                0x0800272e   Section        0  stm32f4xx_hal_uart.o(i.HAL_UART_RxCpltCallback)
    i.HAL_UART_RxHalfCpltCallback            0x08002730   Section        0  stm32f4xx_hal_uart.o(i.HAL_UART_RxHalfCpltCallback)
    i.HAL_UART_TxCpltCallback                0x08002732   Section        0  stm32f4xx_hal_uart.o(i.HAL_UART_TxCpltCallback)
    i.HardFault_Handler                      0x08002734   Section        0  stm32f4xx_it.o(i.HardFault_Handler)
    i.MX_CAN1_Init                           0x08002738   Section        0  can.o(i.MX_CAN1_Init)
    i.MX_DMA_Init                            0x0800277c   Section        0  dma.o(i.MX_DMA_Init)
    i.MX_FREERTOS_Init                       0x080027b8   Section        0  freertos.o(i.MX_FREERTOS_Init)
    i.MX_GPIO_Init                           0x080027f4   Section        0  gpio.o(i.MX_GPIO_Init)
    i.MX_USART1_UART_Init                    0x08002830   Section        0  usart.o(i.MX_USART1_UART_Init)
    i.MemManage_Handler                      0x08002868   Section        0  stm32f4xx_it.o(i.MemManage_Handler)
    i.NMI_Handler                            0x0800286a   Section        0  stm32f4xx_it.o(i.NMI_Handler)
    i.StartDefaultTask                       0x0800286c   Section        0  freertos.o(i.StartDefaultTask)
    i.StartTask02                            0x08002880   Section        0  freertos.o(i.StartTask02)
    i.SysTick_Handler                        0x080028e0   Section        0  port.o(i.SysTick_Handler)
    i.SystemClock_Config                     0x0800290c   Section        0  main.o(i.SystemClock_Config)
    i.SystemInit                             0x080029a0   Section        0  system_stm32f4xx.o(i.SystemInit)
    i.TIM6_DAC_IRQHandler                    0x080029b0   Section        0  stm32f4xx_it.o(i.TIM6_DAC_IRQHandler)
    i.TIM_Base_SetConfig                     0x080029bc   Section        0  stm32f4xx_hal_tim.o(i.TIM_Base_SetConfig)
    i.UART_DMAAbortOnError                   0x08002a84   Section        0  stm32f4xx_hal_uart.o(i.UART_DMAAbortOnError)
    UART_DMAAbortOnError                     0x08002a85   Thumb Code    16  stm32f4xx_hal_uart.o(i.UART_DMAAbortOnError)
    i.UART_DMAError                          0x08002a94   Section        0  stm32f4xx_hal_uart.o(i.UART_DMAError)
    UART_DMAError                            0x08002a95   Thumb Code    74  stm32f4xx_hal_uart.o(i.UART_DMAError)
    i.UART_DMAReceiveCplt                    0x08002ade   Section        0  stm32f4xx_hal_uart.o(i.UART_DMAReceiveCplt)
    UART_DMAReceiveCplt                      0x08002adf   Thumb Code   130  stm32f4xx_hal_uart.o(i.UART_DMAReceiveCplt)
    i.UART_DMARxHalfCplt                     0x08002b60   Section        0  stm32f4xx_hal_uart.o(i.UART_DMARxHalfCplt)
    UART_DMARxHalfCplt                       0x08002b61   Thumb Code    26  stm32f4xx_hal_uart.o(i.UART_DMARxHalfCplt)
    i.UART_EndRxTransfer                     0x08002b7a   Section        0  stm32f4xx_hal_uart.o(i.UART_EndRxTransfer)
    UART_EndRxTransfer                       0x08002b7b   Thumb Code    78  stm32f4xx_hal_uart.o(i.UART_EndRxTransfer)
    i.UART_EndTxTransfer                     0x08002bc8   Section        0  stm32f4xx_hal_uart.o(i.UART_EndTxTransfer)
    UART_EndTxTransfer                       0x08002bc9   Thumb Code    28  stm32f4xx_hal_uart.o(i.UART_EndTxTransfer)
    i.UART_Receive_IT                        0x08002be4   Section        0  stm32f4xx_hal_uart.o(i.UART_Receive_IT)
    UART_Receive_IT                          0x08002be5   Thumb Code   192  stm32f4xx_hal_uart.o(i.UART_Receive_IT)
    i.UART_SetConfig                         0x08002ca4   Section        0  stm32f4xx_hal_uart.o(i.UART_SetConfig)
    UART_SetConfig                           0x08002ca5   Thumb Code   258  stm32f4xx_hal_uart.o(i.UART_SetConfig)
    i.UART_Start_Receive_DMA                 0x08002db0   Section        0  stm32f4xx_hal_uart.o(i.UART_Start_Receive_DMA)
    i.USART1_IRQHandler                      0x08002e44   Section        0  stm32f4xx_it.o(i.USART1_IRQHandler)
    i.UsageFault_Handler                     0x08002f28   Section        0  stm32f4xx_it.o(i.UsageFault_Handler)
    i.__NVIC_SetPriority                     0x08002f2a   Section        0  stm32f4xx_hal_cortex.o(i.__NVIC_SetPriority)
    __NVIC_SetPriority                       0x08002f2b   Thumb Code    32  stm32f4xx_hal_cortex.o(i.__NVIC_SetPriority)
    i.__hardfp_atof                          0x08002f50   Section        0  atof.o(i.__hardfp_atof)
    i.__read_errno                           0x08002f88   Section        0  errno.o(i.__read_errno)
    i.__scatterload_copy                     0x08002f94   Section       14  handlers.o(i.__scatterload_copy)
    i.__scatterload_null                     0x08002fa2   Section        2  handlers.o(i.__scatterload_null)
    i.__scatterload_zeroinit                 0x08002fa4   Section       14  handlers.o(i.__scatterload_zeroinit)
    i.__set_errno                            0x08002fb4   Section        0  errno.o(i.__set_errno)
    i._is_digit                              0x08002fc0   Section        0  scanf_fp.o(i._is_digit)
    i.ang_init                               0x08002fd0   Section        0  angle_loop.o(i.ang_init)
    i.can_filter_init                        0x08003054   Section        0  bsp_can.o(i.can_filter_init)
    i.circle_cc                              0x0800308c   Section        0  bsp_can.o(i.circle_cc)
    i.get_chassis_motor_measure_point        0x080030b4   Section        0  bsp_can.o(i.get_chassis_motor_measure_point)
    i.main                                   0x080030c4   Section        0  main.o(i.main)
    i.makeFreeRtosPriority                   0x08003150   Section        0  cmsis_os.o(i.makeFreeRtosPriority)
    makeFreeRtosPriority                     0x08003151   Thumb Code    12  cmsis_os.o(i.makeFreeRtosPriority)
    i.motor_state_update                     0x0800315c   Section        0  angle_loop.o(i.motor_state_update)
    i.osDelay                                0x08003188   Section        0  cmsis_os.o(i.osDelay)
    i.osKernelStart                          0x08003196   Section        0  cmsis_os.o(i.osKernelStart)
    i.osThreadCreate                         0x080031a0   Section        0  cmsis_os.o(i.osThreadCreate)
    i.pid_calculate                          0x080031f4   Section        0  pid.o(i.pid_calculate)
    pid_calculate                            0x080031f5   Thumb Code   198  pid.o(i.pid_calculate)
    i.pid_init                               0x080032bc   Section        0  pid.o(i.pid_init)
    i.pid_param_init                         0x080032d8   Section        0  pid.o(i.pid_param_init)
    pid_param_init                           0x080032d9   Thumb Code    82  pid.o(i.pid_param_init)
    i.pid_reset                              0x08003330   Section        0  pid.o(i.pid_reset)
    pid_reset                                0x08003331   Thumb Code     8  pid.o(i.pid_reset)
    i.prvAddCurrentTaskToDelayedList         0x08003338   Section        0  tasks.o(i.prvAddCurrentTaskToDelayedList)
    prvAddCurrentTaskToDelayedList           0x08003339   Thumb Code   102  tasks.o(i.prvAddCurrentTaskToDelayedList)
    i.prvAddNewTaskToReadyList               0x080033a8   Section        0  tasks.o(i.prvAddNewTaskToReadyList)
    prvAddNewTaskToReadyList                 0x080033a9   Thumb Code   194  tasks.o(i.prvAddNewTaskToReadyList)
    i.prvDeleteTCB                           0x08003478   Section        0  tasks.o(i.prvDeleteTCB)
    prvDeleteTCB                             0x08003479   Thumb Code    52  tasks.o(i.prvDeleteTCB)
    i.prvHeapInit                            0x080034ac   Section        0  heap_4.o(i.prvHeapInit)
    prvHeapInit                              0x080034ad   Thumb Code    66  heap_4.o(i.prvHeapInit)
    i.prvIdleTask                            0x080034f8   Section        0  tasks.o(i.prvIdleTask)
    prvIdleTask                              0x080034f9   Thumb Code    82  tasks.o(i.prvIdleTask)
    i.prvInitialiseNewTask                   0x08003558   Section        0  tasks.o(i.prvInitialiseNewTask)
    prvInitialiseNewTask                     0x08003559   Thumb Code   152  tasks.o(i.prvInitialiseNewTask)
    i.prvInsertBlockIntoFreeList             0x080035f0   Section        0  heap_4.o(i.prvInsertBlockIntoFreeList)
    prvInsertBlockIntoFreeList               0x080035f1   Thumb Code    72  heap_4.o(i.prvInsertBlockIntoFreeList)
    i.prvResetNextTaskUnblockTime            0x0800363c   Section        0  tasks.o(i.prvResetNextTaskUnblockTime)
    prvResetNextTaskUnblockTime              0x0800363d   Thumb Code    26  tasks.o(i.prvResetNextTaskUnblockTime)
    i.prvTaskExitError                       0x0800365c   Section        0  port.o(i.prvTaskExitError)
    prvTaskExitError                         0x0800365d   Thumb Code    36  port.o(i.prvTaskExitError)
    i.pvPortMalloc                           0x08003684   Section        0  heap_4.o(i.pvPortMalloc)
    i.pxPortInitialiseStack                  0x08003760   Section        0  port.o(i.pxPortInitialiseStack)
    i.spd_control_loop                       0x0800378c   Section        0  angle_loop.o(i.spd_control_loop)
    i.spd_init                               0x08003858   Section        0  angle_loop.o(i.spd_init)
    i.uxListRemove                           0x080038c8   Section        0  list.o(i.uxListRemove)
    i.vApplicationGetIdleTaskMemory          0x080038f0   Section        0  freertos.o(i.vApplicationGetIdleTaskMemory)
    i.vListInitialise                        0x08003904   Section        0  list.o(i.vListInitialise)
    i.vListInitialiseItem                    0x0800391a   Section        0  list.o(i.vListInitialiseItem)
    i.vListInsert                            0x08003920   Section        0  list.o(i.vListInsert)
    i.vListInsertEnd                         0x08003950   Section        0  list.o(i.vListInsertEnd)
    i.vPortEnterCritical                     0x08003968   Section        0  port.o(i.vPortEnterCritical)
    i.vPortExitCritical                      0x080039a8   Section        0  port.o(i.vPortExitCritical)
    i.vPortFree                              0x080039d0   Section        0  heap_4.o(i.vPortFree)
    i.vPortSetupTimerInterrupt               0x08003a34   Section        0  port.o(i.vPortSetupTimerInterrupt)
    i.vTaskDelay                             0x08003a58   Section        0  tasks.o(i.vTaskDelay)
    i.vTaskStartScheduler                    0x08003aa4   Section        0  tasks.o(i.vTaskStartScheduler)
    i.vTaskSuspendAll                        0x08003b10   Section        0  tasks.o(i.vTaskSuspendAll)
    i.vTaskSwitchContext                     0x08003b20   Section        0  tasks.o(i.vTaskSwitchContext)
    i.xPortStartScheduler                    0x08003b7c   Section        0  port.o(i.xPortStartScheduler)
    i.xTaskCreate                            0x08003c70   Section        0  tasks.o(i.xTaskCreate)
    i.xTaskCreateStatic                      0x08003cca   Section        0  tasks.o(i.xTaskCreateStatic)
    i.xTaskIncrementTick                     0x08003d20   Section        0  tasks.o(i.xTaskIncrementTick)
    i.xTaskResumeAll                         0x08003dec   Section        0  tasks.o(i.xTaskResumeAll)
    .constdata                               0x08003eb0   Section       56  freertos.o(.constdata)
    .constdata                               0x08003ee8   Section        8  stm32f4xx_hal_dma.o(.constdata)
    flagBitshiftOffset                       0x08003ee8   Data           8  stm32f4xx_hal_dma.o(.constdata)
    .constdata                               0x08003ef0   Section       16  system_stm32f4xx.o(.constdata)
    .constdata                               0x08003f00   Section        8  system_stm32f4xx.o(.constdata)
    .constdata                               0x08003f08   Section       64  ctype_c.o(.constdata)
    .conststring                             0x08003f48   Section       24  freertos.o(.conststring)
    .data                                    0x20000000   Section        4  main.o(.data)
    .data                                    0x20000004   Section        4  main.o(.data)
    .data                                    0x20000008   Section        4  main.o(.data)
    .data                                    0x2000000c   Section        4  main.o(.data)
    .data                                    0x20000010   Section        4  main.o(.data)
    .data                                    0x20000014   Section        4  main.o(.data)
    .data                                    0x20000018   Section        4  main.o(.data)
    .data                                    0x2000001c   Section        8  freertos.o(.data)
    .data                                    0x20000024   Section        8  stm32f4xx_it.o(.data)
    .data                                    0x2000002c   Section        9  bsp_can.o(.data)
    i                                        0x2000002c   Data           1  bsp_can.o(.data)
    chassis_can_send_data                    0x2000002d   Data           8  bsp_can.o(.data)
    .data                                    0x20000038   Section       12  stm32f4xx_hal.o(.data)
    .data                                    0x20000044   Section        4  system_stm32f4xx.o(.data)
    .data                                    0x20000048   Section       60  tasks.o(.data)
    uxDeletedTasksWaitingCleanUp             0x2000004c   Data           4  tasks.o(.data)
    uxCurrentNumberOfTasks                   0x20000050   Data           4  tasks.o(.data)
    xTickCount                               0x20000054   Data           4  tasks.o(.data)
    uxTopReadyPriority                       0x20000058   Data           4  tasks.o(.data)
    xSchedulerRunning                        0x2000005c   Data           4  tasks.o(.data)
    xPendedTicks                             0x20000060   Data           4  tasks.o(.data)
    xYieldPending                            0x20000064   Data           4  tasks.o(.data)
    xNumOfOverflows                          0x20000068   Data           4  tasks.o(.data)
    uxTaskNumber                             0x2000006c   Data           4  tasks.o(.data)
    xNextTaskUnblockTime                     0x20000070   Data           4  tasks.o(.data)
    xIdleTaskHandle                          0x20000074   Data           4  tasks.o(.data)
    uxSchedulerSuspended                     0x20000078   Data           4  tasks.o(.data)
    pxDelayedTaskList                        0x2000007c   Data           4  tasks.o(.data)
    pxOverflowDelayedTaskList                0x20000080   Data           4  tasks.o(.data)
    .data                                    0x20000084   Section       32  heap_4.o(.data)
    pxEnd                                    0x20000084   Data           4  heap_4.o(.data)
    xFreeBytesRemaining                      0x20000088   Data           4  heap_4.o(.data)
    xMinimumEverFreeBytesRemaining           0x2000008c   Data           4  heap_4.o(.data)
    xNumberOfSuccessfulAllocations           0x20000090   Data           4  heap_4.o(.data)
    xNumberOfSuccessfulFrees                 0x20000094   Data           4  heap_4.o(.data)
    xBlockAllocatedBit                       0x20000098   Data           4  heap_4.o(.data)
    xStart                                   0x2000009c   Data           8  heap_4.o(.data)
    .data                                    0x200000a4   Section       12  port.o(.data)
    ucMaxSysCallPriority                     0x200000a4   Data           1  port.o(.data)
    uxCriticalNesting                        0x200000a8   Data           4  port.o(.data)
    ulMaxPRIGROUPValue                       0x200000ac   Data           4  port.o(.data)
    .data                                    0x200000b0   Section        4  errno.o(.data)
    _errno                                   0x200000b0   Data           4  errno.o(.data)
    .bss                                     0x200000b4   Section      255  main.o(.bss)
    .bss                                     0x200001b4   Section      628  freertos.o(.bss)
    xIdleTaskTCBBuffer                       0x200001d4   Data          84  freertos.o(.bss)
    xIdleStack                               0x20000228   Data         512  freertos.o(.bss)
    .bss                                     0x20000428   Section       40  can.o(.bss)
    .bss                                     0x20000450   Section      260  usart.o(.bss)
    .bss                                     0x20000554   Section       72  stm32f4xx_hal_timebase_tim.o(.bss)
    .bss                                     0x2000059c   Section      136  bsp_can.o(.bss)
    motor_chassis                            0x2000059c   Data         112  bsp_can.o(.bss)
    chassis_tx_message                       0x2000060c   Data          24  bsp_can.o(.bss)
    .bss                                     0x20000624   Section       16  bsp_can.o(.bss)
    .bss                                     0x20000634   Section      800  angle_loop.o(.bss)
    .bss                                     0x20000954   Section      240  tasks.o(.bss)
    pxReadyTasksLists                        0x20000954   Data         140  tasks.o(.bss)
    xDelayedTaskList1                        0x200009e0   Data          20  tasks.o(.bss)
    xDelayedTaskList2                        0x200009f4   Data          20  tasks.o(.bss)
    xPendingReadyList                        0x20000a08   Data          20  tasks.o(.bss)
    xTasksWaitingTermination                 0x20000a1c   Data          20  tasks.o(.bss)
    xSuspendedTaskList                       0x20000a30   Data          20  tasks.o(.bss)
    .bss                                     0x20000a44   Section    15360  heap_4.o(.bss)
    ucHeap                                   0x20000a44   Data       15360  heap_4.o(.bss)
    STACK                                    0x20004648   Section     1024  startup_stm32f407xx.o(STACK)

    Global Symbols

    Symbol Name                              Value     Ov Type        Size  Object(Section)

    BuildAttributes$$THM_ISAv4$E$P$D$K$B$S$7EM$VFPi3$EXTD16$VFPS$VFMA$PE$A:L22UL41UL21$X:L11$S22US41US21$IEEE1$IW$USESV6$~STKCKD$USESV7$~SHL$OTIME$ROPI$IEEEJ$EBA8$MICROLIB$REQ8$PRES8$EABIv2 0x00000000   Number         0  anon$$obj.o ABSOLUTE
    __ARM_use_no_argv                        0x00000000   Number         0  main.o ABSOLUTE
    __arm_fini_                               - Undefined Weak Reference
    __cpp_initialize__aeabi_                  - Undefined Weak Reference
    __cxa_finalize                            - Undefined Weak Reference
    __decompress                              - Undefined Weak Reference
    _clock_init                               - Undefined Weak Reference
    _microlib_exit                            - Undefined Weak Reference
    __Vectors_Size                           0x00000188   Number         0  startup_stm32f407xx.o ABSOLUTE
    __Vectors                                0x08000000   Data           4  startup_stm32f407xx.o(RESET)
    __Vectors_End                            0x08000188   Data           0  startup_stm32f407xx.o(RESET)
    __main                                   0x08000189   Thumb Code     0  entry.o(.ARM.Collect$$$$00000000)
    _main_stk                                0x08000189   Thumb Code     0  entry2.o(.ARM.Collect$$$$00000001)
    _main_scatterload                        0x0800018d   Thumb Code     0  entry5.o(.ARM.Collect$$$$00000004)
    __main_after_scatterload                 0x08000191   Thumb Code     0  entry5.o(.ARM.Collect$$$$00000004)
    _main_clock                              0x08000191   Thumb Code     0  entry7b.o(.ARM.Collect$$$$00000008)
    _main_cpp_init                           0x08000191   Thumb Code     0  entry8b.o(.ARM.Collect$$$$0000000A)
    _main_init                               0x08000191   Thumb Code     0  entry9a.o(.ARM.Collect$$$$0000000B)
    __rt_lib_shutdown_fini                   0x08000199   Thumb Code     0  entry12b.o(.ARM.Collect$$$$0000000E)
    __rt_final_cpp                           0x0800019d   Thumb Code     0  entry10a.o(.ARM.Collect$$$$0000000F)
    __rt_final_exit                          0x0800019d   Thumb Code     0  entry11a.o(.ARM.Collect$$$$00000011)
    SVC_Handler                              0x080001a1   Thumb Code    28  port.o(.emb_text)
    __asm___6_port_c_39a90d8d__prvStartFirstTask 0x080001c1   Thumb Code    36  port.o(.emb_text)
    __asm___6_port_c_39a90d8d__prvEnableVFP  0x080001e9   Thumb Code    16  port.o(.emb_text)
    PendSV_Handler                           0x080001fd   Thumb Code    88  port.o(.emb_text)
    vPortGetIPSR                             0x08000259   Thumb Code     6  port.o(.emb_text)
    Reset_Handler                            0x08000261   Thumb Code     8  startup_stm32f407xx.o(.text)
    ADC_IRQHandler                           0x0800027b   Thumb Code     0  startup_stm32f407xx.o(.text)
    CAN1_RX1_IRQHandler                      0x0800027b   Thumb Code     0  startup_stm32f407xx.o(.text)
    CAN1_SCE_IRQHandler                      0x0800027b   Thumb Code     0  startup_stm32f407xx.o(.text)
    CAN2_RX0_IRQHandler                      0x0800027b   Thumb Code     0  startup_stm32f407xx.o(.text)
    CAN2_RX1_IRQHandler                      0x0800027b   Thumb Code     0  startup_stm32f407xx.o(.text)
    CAN2_SCE_IRQHandler                      0x0800027b   Thumb Code     0  startup_stm32f407xx.o(.text)
    CAN2_TX_IRQHandler                       0x0800027b   Thumb Code     0  startup_stm32f407xx.o(.text)
    DCMI_IRQHandler                          0x0800027b   Thumb Code     0  startup_stm32f407xx.o(.text)
    DMA1_Stream0_IRQHandler                  0x0800027b   Thumb Code     0  startup_stm32f407xx.o(.text)
    DMA1_Stream1_IRQHandler                  0x0800027b   Thumb Code     0  startup_stm32f407xx.o(.text)
    DMA1_Stream2_IRQHandler                  0x0800027b   Thumb Code     0  startup_stm32f407xx.o(.text)
    DMA1_Stream3_IRQHandler                  0x0800027b   Thumb Code     0  startup_stm32f407xx.o(.text)
    DMA1_Stream4_IRQHandler                  0x0800027b   Thumb Code     0  startup_stm32f407xx.o(.text)
    DMA1_Stream5_IRQHandler                  0x0800027b   Thumb Code     0  startup_stm32f407xx.o(.text)
    DMA1_Stream6_IRQHandler                  0x0800027b   Thumb Code     0  startup_stm32f407xx.o(.text)
    DMA1_Stream7_IRQHandler                  0x0800027b   Thumb Code     0  startup_stm32f407xx.o(.text)
    DMA2_Stream0_IRQHandler                  0x0800027b   Thumb Code     0  startup_stm32f407xx.o(.text)
    DMA2_Stream1_IRQHandler                  0x0800027b   Thumb Code     0  startup_stm32f407xx.o(.text)
    DMA2_Stream3_IRQHandler                  0x0800027b   Thumb Code     0  startup_stm32f407xx.o(.text)
    DMA2_Stream4_IRQHandler                  0x0800027b   Thumb Code     0  startup_stm32f407xx.o(.text)
    DMA2_Stream5_IRQHandler                  0x0800027b   Thumb Code     0  startup_stm32f407xx.o(.text)
    DMA2_Stream6_IRQHandler                  0x0800027b   Thumb Code     0  startup_stm32f407xx.o(.text)
    ETH_IRQHandler                           0x0800027b   Thumb Code     0  startup_stm32f407xx.o(.text)
    ETH_WKUP_IRQHandler                      0x0800027b   Thumb Code     0  startup_stm32f407xx.o(.text)
    EXTI0_IRQHandler                         0x0800027b   Thumb Code     0  startup_stm32f407xx.o(.text)
    EXTI15_10_IRQHandler                     0x0800027b   Thumb Code     0  startup_stm32f407xx.o(.text)
    EXTI1_IRQHandler                         0x0800027b   Thumb Code     0  startup_stm32f407xx.o(.text)
    EXTI2_IRQHandler                         0x0800027b   Thumb Code     0  startup_stm32f407xx.o(.text)
    EXTI3_IRQHandler                         0x0800027b   Thumb Code     0  startup_stm32f407xx.o(.text)
    EXTI4_IRQHandler                         0x0800027b   Thumb Code     0  startup_stm32f407xx.o(.text)
    EXTI9_5_IRQHandler                       0x0800027b   Thumb Code     0  startup_stm32f407xx.o(.text)
    FLASH_IRQHandler                         0x0800027b   Thumb Code     0  startup_stm32f407xx.o(.text)
    FMC_IRQHandler                           0x0800027b   Thumb Code     0  startup_stm32f407xx.o(.text)
    FPU_IRQHandler                           0x0800027b   Thumb Code     0  startup_stm32f407xx.o(.text)
    HASH_RNG_IRQHandler                      0x0800027b   Thumb Code     0  startup_stm32f407xx.o(.text)
    I2C1_ER_IRQHandler                       0x0800027b   Thumb Code     0  startup_stm32f407xx.o(.text)
    I2C1_EV_IRQHandler                       0x0800027b   Thumb Code     0  startup_stm32f407xx.o(.text)
    I2C2_ER_IRQHandler                       0x0800027b   Thumb Code     0  startup_stm32f407xx.o(.text)
    I2C2_EV_IRQHandler                       0x0800027b   Thumb Code     0  startup_stm32f407xx.o(.text)
    I2C3_ER_IRQHandler                       0x0800027b   Thumb Code     0  startup_stm32f407xx.o(.text)
    I2C3_EV_IRQHandler                       0x0800027b   Thumb Code     0  startup_stm32f407xx.o(.text)
    OTG_FS_IRQHandler                        0x0800027b   Thumb Code     0  startup_stm32f407xx.o(.text)
    OTG_FS_WKUP_IRQHandler                   0x0800027b   Thumb Code     0  startup_stm32f407xx.o(.text)
    OTG_HS_EP1_IN_IRQHandler                 0x0800027b   Thumb Code     0  startup_stm32f407xx.o(.text)
    OTG_HS_EP1_OUT_IRQHandler                0x0800027b   Thumb Code     0  startup_stm32f407xx.o(.text)
    OTG_HS_IRQHandler                        0x0800027b   Thumb Code     0  startup_stm32f407xx.o(.text)
    OTG_HS_WKUP_IRQHandler                   0x0800027b   Thumb Code     0  startup_stm32f407xx.o(.text)
    PVD_IRQHandler                           0x0800027b   Thumb Code     0  startup_stm32f407xx.o(.text)
    RCC_IRQHandler                           0x0800027b   Thumb Code     0  startup_stm32f407xx.o(.text)
    RTC_Alarm_IRQHandler                     0x0800027b   Thumb Code     0  startup_stm32f407xx.o(.text)
    RTC_WKUP_IRQHandler                      0x0800027b   Thumb Code     0  startup_stm32f407xx.o(.text)
    SDIO_IRQHandler                          0x0800027b   Thumb Code     0  startup_stm32f407xx.o(.text)
    SPI1_IRQHandler                          0x0800027b   Thumb Code     0  startup_stm32f407xx.o(.text)
    SPI2_IRQHandler                          0x0800027b   Thumb Code     0  startup_stm32f407xx.o(.text)
    SPI3_IRQHandler                          0x0800027b   Thumb Code     0  startup_stm32f407xx.o(.text)
    TAMP_STAMP_IRQHandler                    0x0800027b   Thumb Code     0  startup_stm32f407xx.o(.text)
    TIM1_BRK_TIM9_IRQHandler                 0x0800027b   Thumb Code     0  startup_stm32f407xx.o(.text)
    TIM1_CC_IRQHandler                       0x0800027b   Thumb Code     0  startup_stm32f407xx.o(.text)
    TIM1_TRG_COM_TIM11_IRQHandler            0x0800027b   Thumb Code     0  startup_stm32f407xx.o(.text)
    TIM1_UP_TIM10_IRQHandler                 0x0800027b   Thumb Code     0  startup_stm32f407xx.o(.text)
    TIM2_IRQHandler                          0x0800027b   Thumb Code     0  startup_stm32f407xx.o(.text)
    TIM3_IRQHandler                          0x0800027b   Thumb Code     0  startup_stm32f407xx.o(.text)
    TIM4_IRQHandler                          0x0800027b   Thumb Code     0  startup_stm32f407xx.o(.text)
    TIM5_IRQHandler                          0x0800027b   Thumb Code     0  startup_stm32f407xx.o(.text)
    TIM7_IRQHandler                          0x0800027b   Thumb Code     0  startup_stm32f407xx.o(.text)
    TIM8_BRK_TIM12_IRQHandler                0x0800027b   Thumb Code     0  startup_stm32f407xx.o(.text)
    TIM8_CC_IRQHandler                       0x0800027b   Thumb Code     0  startup_stm32f407xx.o(.text)
    TIM8_TRG_COM_TIM14_IRQHandler            0x0800027b   Thumb Code     0  startup_stm32f407xx.o(.text)
    TIM8_UP_TIM13_IRQHandler                 0x0800027b   Thumb Code     0  startup_stm32f407xx.o(.text)
    UART4_IRQHandler                         0x0800027b   Thumb Code     0  startup_stm32f407xx.o(.text)
    UART5_IRQHandler                         0x0800027b   Thumb Code     0  startup_stm32f407xx.o(.text)
    USART2_IRQHandler                        0x0800027b   Thumb Code     0  startup_stm32f407xx.o(.text)
    USART3_IRQHandler                        0x0800027b   Thumb Code     0  startup_stm32f407xx.o(.text)
    USART6_IRQHandler                        0x0800027b   Thumb Code     0  startup_stm32f407xx.o(.text)
    WWDG_IRQHandler                          0x0800027b   Thumb Code     0  startup_stm32f407xx.o(.text)
    __aeabi_uldivmod                         0x08000285   Thumb Code    98  uldiv.o(.text)
    __aeabi_memcpy                           0x080002e7   Thumb Code    36  memcpya.o(.text)
    __aeabi_memcpy4                          0x080002e7   Thumb Code     0  memcpya.o(.text)
    __aeabi_memcpy8                          0x080002e7   Thumb Code     0  memcpya.o(.text)
    __aeabi_memset                           0x0800030b   Thumb Code    14  memseta.o(.text)
    __aeabi_memset4                          0x0800030b   Thumb Code     0  memseta.o(.text)
    __aeabi_memset8                          0x0800030b   Thumb Code     0  memseta.o(.text)
    __aeabi_memclr                           0x08000319   Thumb Code     4  memseta.o(.text)
    __aeabi_memclr4                          0x08000319   Thumb Code     0  memseta.o(.text)
    __aeabi_memclr8                          0x08000319   Thumb Code     0  memseta.o(.text)
    memset                                   0x0800031d   Thumb Code    18  memseta.o(.text)
    __aeabi_d2f                              0x0800032f   Thumb Code    56  d2f.o(.text)
    __aeabi_llsl                             0x08000367   Thumb Code    30  llshl.o(.text)
    _ll_shift_l                              0x08000367   Thumb Code     0  llshl.o(.text)
    __aeabi_llsr                             0x08000385   Thumb Code    32  llushr.o(.text)
    _ll_ushift_r                             0x08000385   Thumb Code     0  llushr.o(.text)
    __strtod_int                             0x080003db   Thumb Code    90  strtod.o(.text)
    __I$use$fp                               0x08000441   Thumb Code     0  iusefp.o(.text)
    _float_round                             0x08000441   Thumb Code    18  fepilogue.o(.text)
    _float_epilogue                          0x08000453   Thumb Code    92  fepilogue.o(.text)
    __scatterload                            0x080004b1   Thumb Code    28  init.o(.text)
    __scatterload_rt2                        0x080004b1   Thumb Code     0  init.o(.text)
    isspace                                  0x080004d5   Thumb Code    10  isspace_c.o(.text)
    _scanf_real                              0x08000609   Thumb Code     0  scanf_fp.o(.text)
    _scanf_really_real                       0x08000609   Thumb Code   556  scanf_fp.o(.text)
    _sgetc                                   0x08000841   Thumb Code    30  _sgetc.o(.text)
    _sbackspace                              0x0800085f   Thumb Code    34  _sgetc.o(.text)
    __ctype_lookup                           0x08000881   Thumb Code    34  ctype_c.o(.text)
    __aeabi_dmul                             0x080008a9   Thumb Code   228  dmul.o(.text)
    __aeabi_ddiv                             0x0800098d   Thumb Code   222  ddiv.o(.text)
    __aeabi_ul2d                             0x08000a6b   Thumb Code    24  dfltul.o(.text)
    _double_round                            0x08000a83   Thumb Code    30  depilogue.o(.text)
    _double_epilogue                         0x08000aa1   Thumb Code   156  depilogue.o(.text)
    BusFault_Handler                         0x08000b3d   Thumb Code     2  stm32f4xx_it.o(i.BusFault_Handler)
    CAN1_RX0_IRQHandler                      0x08000b41   Thumb Code     6  stm32f4xx_it.o(i.CAN1_RX0_IRQHandler)
    CAN1_TX_IRQHandler                       0x08000b4d   Thumb Code     6  stm32f4xx_it.o(i.CAN1_TX_IRQHandler)
    CAN_cmd_chassis                          0x08000b59   Thumb Code    60  bsp_can.o(i.CAN_cmd_chassis)
    DMA2_Stream2_IRQHandler                  0x08000ba1   Thumb Code     6  stm32f4xx_it.o(i.DMA2_Stream2_IRQHandler)
    DMA2_Stream7_IRQHandler                  0x08000bad   Thumb Code     6  stm32f4xx_it.o(i.DMA2_Stream7_IRQHandler)
    DebugMon_Handler                         0x08000c5d   Thumb Code     2  stm32f4xx_it.o(i.DebugMon_Handler)
    Error_Handler                            0x08000c5f   Thumb Code     4  main.o(i.Error_Handler)
    HAL_CAN_ActivateNotification             0x08000c63   Thumb Code    36  stm32f4xx_hal_can.o(i.HAL_CAN_ActivateNotification)
    HAL_CAN_AddTxMessage                     0x08000c87   Thumb Code   220  stm32f4xx_hal_can.o(i.HAL_CAN_AddTxMessage)
    HAL_CAN_ConfigFilter                     0x08000d65   Thumb Code   262  stm32f4xx_hal_can.o(i.HAL_CAN_ConfigFilter)
    HAL_CAN_ErrorCallback                    0x08000e71   Thumb Code     2  stm32f4xx_hal_can.o(i.HAL_CAN_ErrorCallback)
    HAL_CAN_GetRxMessage                     0x08000e73   Thumb Code   232  stm32f4xx_hal_can.o(i.HAL_CAN_GetRxMessage)
    HAL_CAN_IRQHandler                       0x08000f5b   Thumb Code   508  stm32f4xx_hal_can.o(i.HAL_CAN_IRQHandler)
    HAL_CAN_Init                             0x08001157   Thumb Code   282  stm32f4xx_hal_can.o(i.HAL_CAN_Init)
    HAL_CAN_MspInit                          0x08001271   Thumb Code   122  can.o(i.HAL_CAN_MspInit)
    HAL_CAN_RxFifo0FullCallback              0x080012f9   Thumb Code     2  stm32f4xx_hal_can.o(i.HAL_CAN_RxFifo0FullCallback)
    HAL_CAN_RxFifo0MsgPendingCallback        0x080012fd   Thumb Code    86  bsp_can.o(i.HAL_CAN_RxFifo0MsgPendingCallback)
    HAL_CAN_RxFifo1FullCallback              0x08001361   Thumb Code     2  stm32f4xx_hal_can.o(i.HAL_CAN_RxFifo1FullCallback)
    HAL_CAN_RxFifo1MsgPendingCallback        0x08001363   Thumb Code     2  stm32f4xx_hal_can.o(i.HAL_CAN_RxFifo1MsgPendingCallback)
    HAL_CAN_SleepCallback                    0x08001365   Thumb Code     2  stm32f4xx_hal_can.o(i.HAL_CAN_SleepCallback)
    HAL_CAN_Start                            0x08001369   Thumb Code    88  stm32f4xx_hal_can.o(i.HAL_CAN_Start)
    HAL_CAN_TxMailbox0AbortCallback          0x080013c1   Thumb Code     2  stm32f4xx_hal_can.o(i.HAL_CAN_TxMailbox0AbortCallback)
    HAL_CAN_TxMailbox0CompleteCallback       0x080013c3   Thumb Code     2  stm32f4xx_hal_can.o(i.HAL_CAN_TxMailbox0CompleteCallback)
    HAL_CAN_TxMailbox1AbortCallback          0x080013c5   Thumb Code     2  stm32f4xx_hal_can.o(i.HAL_CAN_TxMailbox1AbortCallback)
    HAL_CAN_TxMailbox1CompleteCallback       0x080013c7   Thumb Code     2  stm32f4xx_hal_can.o(i.HAL_CAN_TxMailbox1CompleteCallback)
    HAL_CAN_TxMailbox2AbortCallback          0x080013c9   Thumb Code     2  stm32f4xx_hal_can.o(i.HAL_CAN_TxMailbox2AbortCallback)
    HAL_CAN_TxMailbox2CompleteCallback       0x080013cb   Thumb Code     2  stm32f4xx_hal_can.o(i.HAL_CAN_TxMailbox2CompleteCallback)
    HAL_CAN_WakeUpFromRxMsgCallback          0x080013cd   Thumb Code     2  stm32f4xx_hal_can.o(i.HAL_CAN_WakeUpFromRxMsgCallback)
    HAL_DMA_Abort                            0x080013cf   Thumb Code   146  stm32f4xx_hal_dma.o(i.HAL_DMA_Abort)
    HAL_DMA_Abort_IT                         0x08001461   Thumb Code    36  stm32f4xx_hal_dma.o(i.HAL_DMA_Abort_IT)
    HAL_DMA_IRQHandler                       0x08001485   Thumb Code   412  stm32f4xx_hal_dma.o(i.HAL_DMA_IRQHandler)
    HAL_DMA_Init                             0x08001625   Thumb Code   206  stm32f4xx_hal_dma.o(i.HAL_DMA_Init)
    HAL_DMA_Start_IT                         0x080016f9   Thumb Code   110  stm32f4xx_hal_dma.o(i.HAL_DMA_Start_IT)
    HAL_GPIO_Init                            0x08001769   Thumb Code   450  stm32f4xx_hal_gpio.o(i.HAL_GPIO_Init)
    HAL_GetTick                              0x08001959   Thumb Code     6  stm32f4xx_hal.o(i.HAL_GetTick)
    HAL_IncTick                              0x08001965   Thumb Code    12  stm32f4xx_hal.o(i.HAL_IncTick)
    HAL_Init                                 0x08001975   Thumb Code    48  stm32f4xx_hal.o(i.HAL_Init)
    HAL_InitTick                             0x080019a9   Thumb Code   132  stm32f4xx_hal_timebase_tim.o(i.HAL_InitTick)
    HAL_MspInit                              0x08001a41   Thumb Code    52  stm32f4xx_hal_msp.o(i.HAL_MspInit)
    HAL_NVIC_EnableIRQ                       0x08001a79   Thumb Code    26  stm32f4xx_hal_cortex.o(i.HAL_NVIC_EnableIRQ)
    HAL_NVIC_SetPriority                     0x08001a95   Thumb Code    60  stm32f4xx_hal_cortex.o(i.HAL_NVIC_SetPriority)
    HAL_NVIC_SetPriorityGrouping             0x08001ad5   Thumb Code    26  stm32f4xx_hal_cortex.o(i.HAL_NVIC_SetPriorityGrouping)
    HAL_RCC_ClockConfig                      0x08001af9   Thumb Code   288  stm32f4xx_hal_rcc.o(i.HAL_RCC_ClockConfig)
    HAL_RCC_GetClockConfig                   0x08001c2d   Thumb Code    54  stm32f4xx_hal_rcc.o(i.HAL_RCC_GetClockConfig)
    HAL_RCC_GetPCLK1Freq                     0x08001c6d   Thumb Code    20  stm32f4xx_hal_rcc.o(i.HAL_RCC_GetPCLK1Freq)
    HAL_RCC_GetPCLK2Freq                     0x08001c8d   Thumb Code    20  stm32f4xx_hal_rcc.o(i.HAL_RCC_GetPCLK2Freq)
    HAL_RCC_GetSysClockFreq                  0x08001cad   Thumb Code    88  stm32f4xx_hal_rcc.o(i.HAL_RCC_GetSysClockFreq)
    HAL_RCC_OscConfig                        0x08001d0d   Thumb Code   856  stm32f4xx_hal_rcc.o(i.HAL_RCC_OscConfig)
    HAL_TIMEx_BreakCallback                  0x08002079   Thumb Code     2  stm32f4xx_hal_tim_ex.o(i.HAL_TIMEx_BreakCallback)
    HAL_TIMEx_CommutCallback                 0x0800207b   Thumb Code     2  stm32f4xx_hal_tim_ex.o(i.HAL_TIMEx_CommutCallback)
    HAL_TIM_Base_Init                        0x0800207d   Thumb Code    90  stm32f4xx_hal_tim.o(i.HAL_TIM_Base_Init)
    HAL_TIM_Base_MspInit                     0x080020d7   Thumb Code     2  stm32f4xx_hal_tim.o(i.HAL_TIM_Base_MspInit)
    HAL_TIM_Base_Start_IT                    0x080020d9   Thumb Code   100  stm32f4xx_hal_tim.o(i.HAL_TIM_Base_Start_IT)
    HAL_TIM_IC_CaptureCallback               0x08002159   Thumb Code     2  stm32f4xx_hal_tim.o(i.HAL_TIM_IC_CaptureCallback)
    HAL_TIM_IRQHandler                       0x0800215b   Thumb Code   358  stm32f4xx_hal_tim.o(i.HAL_TIM_IRQHandler)
    HAL_TIM_OC_DelayElapsedCallback          0x080022c1   Thumb Code     2  stm32f4xx_hal_tim.o(i.HAL_TIM_OC_DelayElapsedCallback)
    HAL_TIM_PWM_PulseFinishedCallback        0x080022c3   Thumb Code     2  stm32f4xx_hal_tim.o(i.HAL_TIM_PWM_PulseFinishedCallback)
    HAL_TIM_PeriodElapsedCallback            0x080022c5   Thumb Code    14  main.o(i.HAL_TIM_PeriodElapsedCallback)
    HAL_TIM_TriggerCallback                  0x080022d9   Thumb Code     2  stm32f4xx_hal_tim.o(i.HAL_TIM_TriggerCallback)
    HAL_UARTEx_RxEventCallback               0x080022db   Thumb Code     2  stm32f4xx_hal_uart.o(i.HAL_UARTEx_RxEventCallback)
    HAL_UART_DMAStop                         0x080022dd   Thumb Code   112  stm32f4xx_hal_uart.o(i.HAL_UART_DMAStop)
    HAL_UART_ErrorCallback                   0x0800234d   Thumb Code     2  stm32f4xx_hal_uart.o(i.HAL_UART_ErrorCallback)
    HAL_UART_IRQHandler                      0x08002351   Thumb Code   610  stm32f4xx_hal_uart.o(i.HAL_UART_IRQHandler)
    HAL_UART_Init                            0x080025b9   Thumb Code    98  stm32f4xx_hal_uart.o(i.HAL_UART_Init)
    HAL_UART_MspInit                         0x0800261d   Thumb Code   212  usart.o(i.HAL_UART_MspInit)
    HAL_UART_Receive_DMA                     0x08002705   Thumb Code    42  stm32f4xx_hal_uart.o(i.HAL_UART_Receive_DMA)
    HAL_UART_RxCpltCallback                  0x0800272f   Thumb Code     2  stm32f4xx_hal_uart.o(i.HAL_UART_RxCpltCallback)
    HAL_UART_RxHalfCpltCallback              0x08002731   Thumb Code     2  stm32f4xx_hal_uart.o(i.HAL_UART_RxHalfCpltCallback)
    HAL_UART_TxCpltCallback                  0x08002733   Thumb Code     2  stm32f4xx_hal_uart.o(i.HAL_UART_TxCpltCallback)
    HardFault_Handler                        0x08002735   Thumb Code     2  stm32f4xx_it.o(i.HardFault_Handler)
    MX_CAN1_Init                             0x08002739   Thumb Code    60  can.o(i.MX_CAN1_Init)
    MX_DMA_Init                              0x0800277d   Thumb Code    56  dma.o(i.MX_DMA_Init)
    MX_FREERTOS_Init                         0x080027b9   Thumb Code    52  freertos.o(i.MX_FREERTOS_Init)
    MX_GPIO_Init                             0x080027f5   Thumb Code    54  gpio.o(i.MX_GPIO_Init)
    MX_USART1_UART_Init                      0x08002831   Thumb Code    48  usart.o(i.MX_USART1_UART_Init)
    MemManage_Handler                        0x08002869   Thumb Code     2  stm32f4xx_it.o(i.MemManage_Handler)
    NMI_Handler                              0x0800286b   Thumb Code     2  stm32f4xx_it.o(i.NMI_Handler)
    StartDefaultTask                         0x0800286d   Thumb Code    14  freertos.o(i.StartDefaultTask)
    StartTask02                              0x08002881   Thumb Code    70  freertos.o(i.StartTask02)
    SysTick_Handler                          0x080028e1   Thumb Code    38  port.o(i.SysTick_Handler)
    SystemClock_Config                       0x0800290d   Thumb Code   140  main.o(i.SystemClock_Config)
    SystemInit                               0x080029a1   Thumb Code    12  system_stm32f4xx.o(i.SystemInit)
    TIM6_DAC_IRQHandler                      0x080029b1   Thumb Code     6  stm32f4xx_it.o(i.TIM6_DAC_IRQHandler)
    TIM_Base_SetConfig                       0x080029bd   Thumb Code   156  stm32f4xx_hal_tim.o(i.TIM_Base_SetConfig)
    UART_Start_Receive_DMA                   0x08002db1   Thumb Code   134  stm32f4xx_hal_uart.o(i.UART_Start_Receive_DMA)
    USART1_IRQHandler                        0x08002e45   Thumb Code   196  stm32f4xx_it.o(i.USART1_IRQHandler)
    UsageFault_Handler                       0x08002f29   Thumb Code     2  stm32f4xx_it.o(i.UsageFault_Handler)
    __hardfp_atof                            0x08002f51   Thumb Code    44  atof.o(i.__hardfp_atof)
    __read_errno                             0x08002f89   Thumb Code     6  errno.o(i.__read_errno)
    __scatterload_copy                       0x08002f95   Thumb Code    14  handlers.o(i.__scatterload_copy)
    __scatterload_null                       0x08002fa3   Thumb Code     2  handlers.o(i.__scatterload_null)
    __scatterload_zeroinit                   0x08002fa5   Thumb Code    14  handlers.o(i.__scatterload_zeroinit)
    __set_errno                              0x08002fb5   Thumb Code     6  errno.o(i.__set_errno)
    _is_digit                                0x08002fc1   Thumb Code    14  scanf_fp.o(i._is_digit)
    ang_init                                 0x08002fd1   Thumb Code   124  angle_loop.o(i.ang_init)
    can_filter_init                          0x08003055   Thumb Code    52  bsp_can.o(i.can_filter_init)
    circle_cc                                0x0800308d   Thumb Code    38  bsp_can.o(i.circle_cc)
    get_chassis_motor_measure_point          0x080030b5   Thumb Code    12  bsp_can.o(i.get_chassis_motor_measure_point)
    main                                     0x080030c5   Thumb Code   114  main.o(i.main)
    motor_state_update                       0x0800315d   Thumb Code    38  angle_loop.o(i.motor_state_update)
    osDelay                                  0x08003189   Thumb Code    14  cmsis_os.o(i.osDelay)
    osKernelStart                            0x08003197   Thumb Code    10  cmsis_os.o(i.osKernelStart)
    osThreadCreate                           0x080031a1   Thumb Code    84  cmsis_os.o(i.osThreadCreate)
    pid_init                                 0x080032bd   Thumb Code    14  pid.o(i.pid_init)
    pvPortMalloc                             0x08003685   Thumb Code   216  heap_4.o(i.pvPortMalloc)
    pxPortInitialiseStack                    0x08003761   Thumb Code    40  port.o(i.pxPortInitialiseStack)
    spd_control_loop                         0x0800378d   Thumb Code   194  angle_loop.o(i.spd_control_loop)
    spd_init                                 0x08003859   Thumb Code   108  angle_loop.o(i.spd_init)
    uxListRemove                             0x080038c9   Thumb Code    38  list.o(i.uxListRemove)
    vApplicationGetIdleTaskMemory            0x080038f1   Thumb Code    16  freertos.o(i.vApplicationGetIdleTaskMemory)
    vListInitialise                          0x08003905   Thumb Code    22  list.o(i.vListInitialise)
    vListInitialiseItem                      0x0800391b   Thumb Code     6  list.o(i.vListInitialiseItem)
    vListInsert                              0x08003921   Thumb Code    48  list.o(i.vListInsert)
    vListInsertEnd                           0x08003951   Thumb Code    24  list.o(i.vListInsertEnd)
    vPortEnterCritical                       0x08003969   Thumb Code    54  port.o(i.vPortEnterCritical)
    vPortExitCritical                        0x080039a9   Thumb Code    34  port.o(i.vPortExitCritical)
    vPortFree                                0x080039d1   Thumb Code    94  heap_4.o(i.vPortFree)
    vPortSetupTimerInterrupt                 0x08003a35   Thumb Code    32  port.o(i.vPortSetupTimerInterrupt)
    vTaskDelay                               0x08003a59   Thumb Code    66  tasks.o(i.vTaskDelay)
    vTaskStartScheduler                      0x08003aa5   Thumb Code    90  tasks.o(i.vTaskStartScheduler)
    vTaskSuspendAll                          0x08003b11   Thumb Code    10  tasks.o(i.vTaskSuspendAll)
    vTaskSwitchContext                       0x08003b21   Thumb Code    82  tasks.o(i.vTaskSwitchContext)
    xPortStartScheduler                      0x08003b7d   Thumb Code   222  port.o(i.xPortStartScheduler)
    xTaskCreate                              0x08003c71   Thumb Code    90  tasks.o(i.xTaskCreate)
    xTaskCreateStatic                        0x08003ccb   Thumb Code    86  tasks.o(i.xTaskCreateStatic)
    xTaskIncrementTick                       0x08003d21   Thumb Code   194  tasks.o(i.xTaskIncrementTick)
    xTaskResumeAll                           0x08003ded   Thumb Code   182  tasks.o(i.xTaskResumeAll)
    AHBPrescTable                            0x08003ef0   Data          16  system_stm32f4xx.o(.constdata)
    APBPrescTable                            0x08003f00   Data           8  system_stm32f4xx.o(.constdata)
    __ctype_categories                       0x08003f08   Data          64  ctype_c.o(.constdata)
    Region$$Table$$Base                      0x08003f60   Number         0  anon$$obj.o(Region$$Table)
    Region$$Table$$Limit                     0x08003f80   Number         0  anon$$obj.o(Region$$Table)
    kp                                       0x20000000   Data           4  main.o(.data)
    ki                                       0x20000004   Data           4  main.o(.data)
    kd                                       0x20000008   Data           4  main.o(.data)
    TGT_SPD                                  0x2000000c   Data           4  main.o(.data)
    TGT_ANG                                  0x20000010   Data           4  main.o(.data)
    SPD                                      0x20000014   Data           4  main.o(.data)
    ANG                                      0x20000018   Data           4  main.o(.data)
    defaultTaskHandle                        0x2000001c   Data           4  freertos.o(.data)
    myTask02Handle                           0x20000020   Data           4  freertos.o(.data)
    state                                    0x20000024   Data           4  stm32f4xx_it.o(.data)
    data_length                              0x20000028   Data           4  stm32f4xx_it.o(.data)
    uwTickFreq                               0x20000038   Data           1  stm32f4xx_hal.o(.data)
    uwTickPrio                               0x2000003c   Data           4  stm32f4xx_hal.o(.data)
    uwTick                                   0x20000040   Data           4  stm32f4xx_hal.o(.data)
    SystemCoreClock                          0x20000044   Data           4  system_stm32f4xx.o(.data)
    pxCurrentTCB                             0x20000048   Data           4  tasks.o(.data)
    receive_buff                             0x200000b4   Data         255  main.o(.bss)
    wheel_ang                                0x200001b4   Data          16  freertos.o(.bss)
    wheel_ang_spd                            0x200001c4   Data          16  freertos.o(.bss)
    hcan1                                    0x20000428   Data          40  can.o(.bss)
    huart1                                   0x20000450   Data          68  usart.o(.bss)
    hdma_usart1_rx                           0x20000494   Data          96  usart.o(.bss)
    hdma_usart1_tx                           0x200004f4   Data          96  usart.o(.bss)
    htim6                                    0x20000554   Data          72  stm32f4xx_hal_timebase_tim.o(.bss)
    motor_data                               0x20000624   Data          16  bsp_can.o(.bss)
    spd_drive_motor_pid                      0x20000634   Data         400  angle_loop.o(.bss)
    ang_drive_motor_pid                      0x200007c4   Data         400  angle_loop.o(.bss)
    __initial_sp                             0x20004a48   Data           0  startup_stm32f407xx.o(STACK)



==============================================================================

Memory Map of the image

  Image Entry point : 0x08000189

  Load Region LR_IROM1 (Base: 0x08000000, Size: 0x00004034, Max: 0x00100000, ABSOLUTE)

    Execution Region ER_IROM1 (Exec base: 0x08000000, Load base: 0x08000000, Size: 0x00003f80, Max: 0x00100000, ABSOLUTE)

    Exec Addr    Load Addr    Size         Type   Attr      Idx    E Section Name        Object

    0x08000000   0x08000000   0x00000188   Data   RO            3    RESET               startup_stm32f407xx.o
    0x08000188   0x08000188   0x00000000   Code   RO         4783  * .ARM.Collect$$$$00000000  mc_w.l(entry.o)
    0x08000188   0x08000188   0x00000004   Code   RO         4798    .ARM.Collect$$$$00000001  mc_w.l(entry2.o)
    0x0800018c   0x0800018c   0x00000004   Code   RO         4801    .ARM.Collect$$$$00000004  mc_w.l(entry5.o)
    0x08000190   0x08000190   0x00000000   Code   RO         4803    .ARM.Collect$$$$00000008  mc_w.l(entry7b.o)
    0x08000190   0x08000190   0x00000000   Code   RO         4805    .ARM.Collect$$$$0000000A  mc_w.l(entry8b.o)
    0x08000190   0x08000190   0x00000008   Code   RO         4806    .ARM.Collect$$$$0000000B  mc_w.l(entry9a.o)
    0x08000198   0x08000198   0x00000004   Code   RO         4813    .ARM.Collect$$$$0000000E  mc_w.l(entry12b.o)
    0x0800019c   0x0800019c   0x00000000   Code   RO         4808    .ARM.Collect$$$$0000000F  mc_w.l(entry10a.o)
    0x0800019c   0x0800019c   0x00000000   Code   RO         4810    .ARM.Collect$$$$00000011  mc_w.l(entry11a.o)
    0x0800019c   0x0800019c   0x00000004   Code   RO         4799    .ARM.Collect$$$$00002712  mc_w.l(entry2.o)
    0x080001a0   0x080001a0   0x000000be   Code   RO         4700    .emb_text           port.o
    0x0800025e   0x0800025e   0x00000002   PAD
    0x08000260   0x08000260   0x00000024   Code   RO            4    .text               startup_stm32f407xx.o
    0x08000284   0x08000284   0x00000062   Code   RO         4786    .text               mc_w.l(uldiv.o)
    0x080002e6   0x080002e6   0x00000024   Code   RO         4788    .text               mc_w.l(memcpya.o)
    0x0800030a   0x0800030a   0x00000024   Code   RO         4792    .text               mc_w.l(memseta.o)
    0x0800032e   0x0800032e   0x00000038   Code   RO         4796    .text               mf_w.l(d2f.o)
    0x08000366   0x08000366   0x0000001e   Code   RO         4814    .text               mc_w.l(llshl.o)
    0x08000384   0x08000384   0x00000020   Code   RO         4816    .text               mc_w.l(llushr.o)
    0x080003a4   0x080003a4   0x0000009c   Code   RO         4825    .text               mc_w.l(strtod.o)
    0x08000440   0x08000440   0x00000000   Code   RO         4827    .text               mc_w.l(iusefp.o)
    0x08000440   0x08000440   0x0000006e   Code   RO         4828    .text               mf_w.l(fepilogue.o)
    0x080004ae   0x080004ae   0x00000002   PAD
    0x080004b0   0x080004b0   0x00000024   Code   RO         4830    .text               mc_w.l(init.o)
    0x080004d4   0x080004d4   0x0000000a   Code   RO         4832    .text               mc_w.l(isspace_c.o)
    0x080004de   0x080004de   0x00000002   PAD
    0x080004e0   0x080004e0   0x00000360   Code   RO         4834    .text               mc_w.l(scanf_fp.o)
    0x08000840   0x08000840   0x00000040   Code   RO         4838    .text               mc_w.l(_sgetc.o)
    0x08000880   0x08000880   0x00000028   Code   RO         4840    .text               mc_w.l(ctype_c.o)
    0x080008a8   0x080008a8   0x000000e4   Code   RO         4843    .text               mf_w.l(dmul.o)
    0x0800098c   0x0800098c   0x000000de   Code   RO         4845    .text               mf_w.l(ddiv.o)
    0x08000a6a   0x08000a6a   0x00000018   Code   RO         4847    .text               mf_w.l(dfltul.o)
    0x08000a82   0x08000a82   0x000000ba   Code   RO         4849    .text               mf_w.l(depilogue.o)
    0x08000b3c   0x08000b3c   0x00000002   Code   RO          444    i.BusFault_Handler  stm32f4xx_it.o
    0x08000b3e   0x08000b3e   0x00000002   PAD
    0x08000b40   0x08000b40   0x0000000c   Code   RO          445    i.CAN1_RX0_IRQHandler  stm32f4xx_it.o
    0x08000b4c   0x08000b4c   0x0000000c   Code   RO          446    i.CAN1_TX_IRQHandler  stm32f4xx_it.o
    0x08000b58   0x08000b58   0x00000048   Code   RO          604    i.CAN_cmd_chassis   bsp_can.o
    0x08000ba0   0x08000ba0   0x0000000c   Code   RO          447    i.DMA2_Stream2_IRQHandler  stm32f4xx_it.o
    0x08000bac   0x08000bac   0x0000000c   Code   RO          448    i.DMA2_Stream7_IRQHandler  stm32f4xx_it.o
    0x08000bb8   0x08000bb8   0x00000028   Code   RO         1442    i.DMA_CalcBaseAndBitshift  stm32f4xx_hal_dma.o
    0x08000be0   0x08000be0   0x00000054   Code   RO         1443    i.DMA_CheckFifoParam  stm32f4xx_hal_dma.o
    0x08000c34   0x08000c34   0x00000028   Code   RO         1444    i.DMA_SetConfig     stm32f4xx_hal_dma.o
    0x08000c5c   0x08000c5c   0x00000002   Code   RO          449    i.DebugMon_Handler  stm32f4xx_it.o
    0x08000c5e   0x08000c5e   0x00000004   Code   RO           13    i.Error_Handler     main.o
    0x08000c62   0x08000c62   0x00000024   Code   RO          750    i.HAL_CAN_ActivateNotification  stm32f4xx_hal_can.o
    0x08000c86   0x08000c86   0x000000dc   Code   RO          751    i.HAL_CAN_AddTxMessage  stm32f4xx_hal_can.o
    0x08000d62   0x08000d62   0x00000002   PAD
    0x08000d64   0x08000d64   0x0000010c   Code   RO          752    i.HAL_CAN_ConfigFilter  stm32f4xx_hal_can.o
    0x08000e70   0x08000e70   0x00000002   Code   RO          755    i.HAL_CAN_ErrorCallback  stm32f4xx_hal_can.o
    0x08000e72   0x08000e72   0x000000e8   Code   RO          758    i.HAL_CAN_GetRxMessage  stm32f4xx_hal_can.o
    0x08000f5a   0x08000f5a   0x000001fc   Code   RO          762    i.HAL_CAN_IRQHandler  stm32f4xx_hal_can.o
    0x08001156   0x08001156   0x0000011a   Code   RO          763    i.HAL_CAN_Init      stm32f4xx_hal_can.o
    0x08001270   0x08001270   0x00000088   Code   RO          337    i.HAL_CAN_MspInit   can.o
    0x080012f8   0x080012f8   0x00000002   Code   RO          770    i.HAL_CAN_RxFifo0FullCallback  stm32f4xx_hal_can.o
    0x080012fa   0x080012fa   0x00000002   PAD
    0x080012fc   0x080012fc   0x00000064   Code   RO          605    i.HAL_CAN_RxFifo0MsgPendingCallback  bsp_can.o
    0x08001360   0x08001360   0x00000002   Code   RO          772    i.HAL_CAN_RxFifo1FullCallback  stm32f4xx_hal_can.o
    0x08001362   0x08001362   0x00000002   Code   RO          773    i.HAL_CAN_RxFifo1MsgPendingCallback  stm32f4xx_hal_can.o
    0x08001364   0x08001364   0x00000002   Code   RO          774    i.HAL_CAN_SleepCallback  stm32f4xx_hal_can.o
    0x08001366   0x08001366   0x00000002   PAD
    0x08001368   0x08001368   0x00000058   Code   RO          775    i.HAL_CAN_Start     stm32f4xx_hal_can.o
    0x080013c0   0x080013c0   0x00000002   Code   RO          777    i.HAL_CAN_TxMailbox0AbortCallback  stm32f4xx_hal_can.o
    0x080013c2   0x080013c2   0x00000002   Code   RO          778    i.HAL_CAN_TxMailbox0CompleteCallback  stm32f4xx_hal_can.o
    0x080013c4   0x080013c4   0x00000002   Code   RO          779    i.HAL_CAN_TxMailbox1AbortCallback  stm32f4xx_hal_can.o
    0x080013c6   0x080013c6   0x00000002   Code   RO          780    i.HAL_CAN_TxMailbox1CompleteCallback  stm32f4xx_hal_can.o
    0x080013c8   0x080013c8   0x00000002   Code   RO          781    i.HAL_CAN_TxMailbox2AbortCallback  stm32f4xx_hal_can.o
    0x080013ca   0x080013ca   0x00000002   Code   RO          782    i.HAL_CAN_TxMailbox2CompleteCallback  stm32f4xx_hal_can.o
    0x080013cc   0x080013cc   0x00000002   Code   RO          784    i.HAL_CAN_WakeUpFromRxMsgCallback  stm32f4xx_hal_can.o
    0x080013ce   0x080013ce   0x00000092   Code   RO         1445    i.HAL_DMA_Abort     stm32f4xx_hal_dma.o
    0x08001460   0x08001460   0x00000024   Code   RO         1446    i.HAL_DMA_Abort_IT  stm32f4xx_hal_dma.o
    0x08001484   0x08001484   0x000001a0   Code   RO         1450    i.HAL_DMA_IRQHandler  stm32f4xx_hal_dma.o
    0x08001624   0x08001624   0x000000d4   Code   RO         1451    i.HAL_DMA_Init      stm32f4xx_hal_dma.o
    0x080016f8   0x080016f8   0x0000006e   Code   RO         1455    i.HAL_DMA_Start_IT  stm32f4xx_hal_dma.o
    0x08001766   0x08001766   0x00000002   PAD
    0x08001768   0x08001768   0x000001f0   Code   RO         1338    i.HAL_GPIO_Init     stm32f4xx_hal_gpio.o
    0x08001958   0x08001958   0x0000000c   Code   RO         1870    i.HAL_GetTick       stm32f4xx_hal.o
    0x08001964   0x08001964   0x00000010   Code   RO         1876    i.HAL_IncTick       stm32f4xx_hal.o
    0x08001974   0x08001974   0x00000034   Code   RO         1877    i.HAL_Init          stm32f4xx_hal.o
    0x080019a8   0x080019a8   0x00000098   Code   RO          565    i.HAL_InitTick      stm32f4xx_hal_timebase_tim.o
    0x08001a40   0x08001a40   0x00000038   Code   RO          541    i.HAL_MspInit       stm32f4xx_hal_msp.o
    0x08001a78   0x08001a78   0x0000001a   Code   RO         1727    i.HAL_NVIC_EnableIRQ  stm32f4xx_hal_cortex.o
    0x08001a92   0x08001a92   0x00000002   PAD
    0x08001a94   0x08001a94   0x00000040   Code   RO         1733    i.HAL_NVIC_SetPriority  stm32f4xx_hal_cortex.o
    0x08001ad4   0x08001ad4   0x00000024   Code   RO         1734    i.HAL_NVIC_SetPriorityGrouping  stm32f4xx_hal_cortex.o
    0x08001af8   0x08001af8   0x00000134   Code   RO          984    i.HAL_RCC_ClockConfig  stm32f4xx_hal_rcc.o
    0x08001c2c   0x08001c2c   0x00000040   Code   RO          988    i.HAL_RCC_GetClockConfig  stm32f4xx_hal_rcc.o
    0x08001c6c   0x08001c6c   0x00000020   Code   RO          991    i.HAL_RCC_GetPCLK1Freq  stm32f4xx_hal_rcc.o
    0x08001c8c   0x08001c8c   0x00000020   Code   RO          992    i.HAL_RCC_GetPCLK2Freq  stm32f4xx_hal_rcc.o
    0x08001cac   0x08001cac   0x00000060   Code   RO          993    i.HAL_RCC_GetSysClockFreq  stm32f4xx_hal_rcc.o
    0x08001d0c   0x08001d0c   0x0000036c   Code   RO          996    i.HAL_RCC_OscConfig  stm32f4xx_hal_rcc.o
    0x08002078   0x08002078   0x00000002   Code   RO         2821    i.HAL_TIMEx_BreakCallback  stm32f4xx_hal_tim_ex.o
    0x0800207a   0x0800207a   0x00000002   Code   RO         2822    i.HAL_TIMEx_CommutCallback  stm32f4xx_hal_tim_ex.o
    0x0800207c   0x0800207c   0x0000005a   Code   RO         2117    i.HAL_TIM_Base_Init  stm32f4xx_hal_tim.o
    0x080020d6   0x080020d6   0x00000002   Code   RO         2119    i.HAL_TIM_Base_MspInit  stm32f4xx_hal_tim.o
    0x080020d8   0x080020d8   0x00000080   Code   RO         2122    i.HAL_TIM_Base_Start_IT  stm32f4xx_hal_tim.o
    0x08002158   0x08002158   0x00000002   Code   RO         2151    i.HAL_TIM_IC_CaptureCallback  stm32f4xx_hal_tim.o
    0x0800215a   0x0800215a   0x00000166   Code   RO         2165    i.HAL_TIM_IRQHandler  stm32f4xx_hal_tim.o
    0x080022c0   0x080022c0   0x00000002   Code   RO         2168    i.HAL_TIM_OC_DelayElapsedCallback  stm32f4xx_hal_tim.o
    0x080022c2   0x080022c2   0x00000002   Code   RO         2195    i.HAL_TIM_PWM_PulseFinishedCallback  stm32f4xx_hal_tim.o
    0x080022c4   0x080022c4   0x00000014   Code   RO           14    i.HAL_TIM_PeriodElapsedCallback  main.o
    0x080022d8   0x080022d8   0x00000002   Code   RO         2208    i.HAL_TIM_TriggerCallback  stm32f4xx_hal_tim.o
    0x080022da   0x080022da   0x00000002   Code   RO         3099    i.HAL_UARTEx_RxEventCallback  stm32f4xx_hal_uart.o
    0x080022dc   0x080022dc   0x00000070   Code   RO         3111    i.HAL_UART_DMAStop  stm32f4xx_hal_uart.o
    0x0800234c   0x0800234c   0x00000002   Code   RO         3113    i.HAL_UART_ErrorCallback  stm32f4xx_hal_uart.o
    0x0800234e   0x0800234e   0x00000002   PAD
    0x08002350   0x08002350   0x00000268   Code   RO         3116    i.HAL_UART_IRQHandler  stm32f4xx_hal_uart.o
    0x080025b8   0x080025b8   0x00000062   Code   RO         3117    i.HAL_UART_Init     stm32f4xx_hal_uart.o
    0x0800261a   0x0800261a   0x00000002   PAD
    0x0800261c   0x0800261c   0x000000e8   Code   RO          403    i.HAL_UART_MspInit  usart.o
    0x08002704   0x08002704   0x0000002a   Code   RO         3121    i.HAL_UART_Receive_DMA  stm32f4xx_hal_uart.o
    0x0800272e   0x0800272e   0x00000002   Code   RO         3123    i.HAL_UART_RxCpltCallback  stm32f4xx_hal_uart.o
    0x08002730   0x08002730   0x00000002   Code   RO         3124    i.HAL_UART_RxHalfCpltCallback  stm32f4xx_hal_uart.o
    0x08002732   0x08002732   0x00000002   Code   RO         3128    i.HAL_UART_TxCpltCallback  stm32f4xx_hal_uart.o
    0x08002734   0x08002734   0x00000002   Code   RO          450    i.HardFault_Handler  stm32f4xx_it.o
    0x08002736   0x08002736   0x00000002   PAD
    0x08002738   0x08002738   0x00000044   Code   RO          338    i.MX_CAN1_Init      can.o
    0x0800277c   0x0800277c   0x0000003c   Code   RO          378    i.MX_DMA_Init       dma.o
    0x080027b8   0x080027b8   0x0000003c   Code   RO          278    i.MX_FREERTOS_Init  freertos.o
    0x080027f4   0x080027f4   0x0000003c   Code   RO          254    i.MX_GPIO_Init      gpio.o
    0x08002830   0x08002830   0x00000038   Code   RO          404    i.MX_USART1_UART_Init  usart.o
    0x08002868   0x08002868   0x00000002   Code   RO          451    i.MemManage_Handler  stm32f4xx_it.o
    0x0800286a   0x0800286a   0x00000002   Code   RO          452    i.NMI_Handler       stm32f4xx_it.o
    0x0800286c   0x0800286c   0x00000014   Code   RO          279    i.StartDefaultTask  freertos.o
    0x08002880   0x08002880   0x00000060   Code   RO          280    i.StartTask02       freertos.o
    0x080028e0   0x080028e0   0x0000002c   Code   RO         4701    i.SysTick_Handler   port.o
    0x0800290c   0x0800290c   0x00000094   Code   RO           15    i.SystemClock_Config  main.o
    0x080029a0   0x080029a0   0x00000010   Code   RO         3446    i.SystemInit        system_stm32f4xx.o
    0x080029b0   0x080029b0   0x0000000c   Code   RO          453    i.TIM6_DAC_IRQHandler  stm32f4xx_it.o
    0x080029bc   0x080029bc   0x000000c8   Code   RO         2210    i.TIM_Base_SetConfig  stm32f4xx_hal_tim.o
    0x08002a84   0x08002a84   0x00000010   Code   RO         3130    i.UART_DMAAbortOnError  stm32f4xx_hal_uart.o
    0x08002a94   0x08002a94   0x0000004a   Code   RO         3131    i.UART_DMAError     stm32f4xx_hal_uart.o
    0x08002ade   0x08002ade   0x00000082   Code   RO         3132    i.UART_DMAReceiveCplt  stm32f4xx_hal_uart.o
    0x08002b60   0x08002b60   0x0000001a   Code   RO         3134    i.UART_DMARxHalfCplt  stm32f4xx_hal_uart.o
    0x08002b7a   0x08002b7a   0x0000004e   Code   RO         3140    i.UART_EndRxTransfer  stm32f4xx_hal_uart.o
    0x08002bc8   0x08002bc8   0x0000001c   Code   RO         3141    i.UART_EndTxTransfer  stm32f4xx_hal_uart.o
    0x08002be4   0x08002be4   0x000000c0   Code   RO         3142    i.UART_Receive_IT   stm32f4xx_hal_uart.o
    0x08002ca4   0x08002ca4   0x0000010c   Code   RO         3143    i.UART_SetConfig    stm32f4xx_hal_uart.o
    0x08002db0   0x08002db0   0x00000094   Code   RO         3144    i.UART_Start_Receive_DMA  stm32f4xx_hal_uart.o
    0x08002e44   0x08002e44   0x000000e4   Code   RO          454    i.USART1_IRQHandler  stm32f4xx_it.o
    0x08002f28   0x08002f28   0x00000002   Code   RO          455    i.UsageFault_Handler  stm32f4xx_it.o
    0x08002f2a   0x08002f2a   0x00000020   Code   RO         1740    i.__NVIC_SetPriority  stm32f4xx_hal_cortex.o
    0x08002f4a   0x08002f4a   0x00000006   PAD
    0x08002f50   0x08002f50   0x00000038   Code   RO         4777    i.__hardfp_atof     m_wm.l(atof.o)
    0x08002f88   0x08002f88   0x0000000c   Code   RO         4819    i.__read_errno      mc_w.l(errno.o)
    0x08002f94   0x08002f94   0x0000000e   Code   RO         4853    i.__scatterload_copy  mc_w.l(handlers.o)
    0x08002fa2   0x08002fa2   0x00000002   Code   RO         4854    i.__scatterload_null  mc_w.l(handlers.o)
    0x08002fa4   0x08002fa4   0x0000000e   Code   RO         4855    i.__scatterload_zeroinit  mc_w.l(handlers.o)
    0x08002fb2   0x08002fb2   0x00000002   PAD
    0x08002fb4   0x08002fb4   0x0000000c   Code   RO         4820    i.__set_errno       mc_w.l(errno.o)
    0x08002fc0   0x08002fc0   0x0000000e   Code   RO         4836    i._is_digit         mc_w.l(scanf_fp.o)
    0x08002fce   0x08002fce   0x00000002   PAD
    0x08002fd0   0x08002fd0   0x00000084   Code   RO          661    i.ang_init          angle_loop.o
    0x08003054   0x08003054   0x00000038   Code   RO          606    i.can_filter_init   bsp_can.o
    0x0800308c   0x0800308c   0x00000026   Code   RO          607    i.circle_cc         bsp_can.o
    0x080030b2   0x080030b2   0x00000002   PAD
    0x080030b4   0x080030b4   0x00000010   Code   RO          608    i.get_chassis_motor_measure_point  bsp_can.o
    0x080030c4   0x080030c4   0x0000008c   Code   RO           18    i.main              main.o
    0x08003150   0x08003150   0x0000000c   Code   RO         4266    i.makeFreeRtosPriority  cmsis_os.o
    0x0800315c   0x0800315c   0x0000002c   Code   RO          662    i.motor_state_update  angle_loop.o
    0x08003188   0x08003188   0x0000000e   Code   RO         4268    i.osDelay           cmsis_os.o
    0x08003196   0x08003196   0x0000000a   Code   RO         4271    i.osKernelStart     cmsis_os.o
    0x080031a0   0x080031a0   0x00000054   Code   RO         4305    i.osThreadCreate    cmsis_os.o
    0x080031f4   0x080031f4   0x000000c6   Code   RO          712    i.pid_calculate     pid.o
    0x080032ba   0x080032ba   0x00000002   PAD
    0x080032bc   0x080032bc   0x0000001c   Code   RO          713    i.pid_init          pid.o
    0x080032d8   0x080032d8   0x00000058   Code   RO          714    i.pid_param_init    pid.o
    0x08003330   0x08003330   0x00000008   Code   RO          715    i.pid_reset         pid.o
    0x08003338   0x08003338   0x00000070   Code   RO         3948    i.prvAddCurrentTaskToDelayedList  tasks.o
    0x080033a8   0x080033a8   0x000000d0   Code   RO         3949    i.prvAddNewTaskToReadyList  tasks.o
    0x08003478   0x08003478   0x00000034   Code   RO         3950    i.prvDeleteTCB      tasks.o
    0x080034ac   0x080034ac   0x0000004c   Code   RO         4633    i.prvHeapInit       heap_4.o
    0x080034f8   0x080034f8   0x00000060   Code   RO         3951    i.prvIdleTask       tasks.o
    0x08003558   0x08003558   0x00000098   Code   RO         3952    i.prvInitialiseNewTask  tasks.o
    0x080035f0   0x080035f0   0x0000004c   Code   RO         4634    i.prvInsertBlockIntoFreeList  heap_4.o
    0x0800363c   0x0800363c   0x00000020   Code   RO         3953    i.prvResetNextTaskUnblockTime  tasks.o
    0x0800365c   0x0800365c   0x00000028   Code   RO         4702    i.prvTaskExitError  port.o
    0x08003684   0x08003684   0x000000dc   Code   RO         4635    i.pvPortMalloc      heap_4.o
    0x08003760   0x08003760   0x0000002c   Code   RO         4703    i.pxPortInitialiseStack  port.o
    0x0800378c   0x0800378c   0x000000cc   Code   RO          663    i.spd_control_loop  angle_loop.o
    0x08003858   0x08003858   0x00000070   Code   RO          664    i.spd_init          angle_loop.o
    0x080038c8   0x080038c8   0x00000026   Code   RO         3584    i.uxListRemove      list.o
    0x080038ee   0x080038ee   0x00000002   PAD
    0x080038f0   0x080038f0   0x00000014   Code   RO          281    i.vApplicationGetIdleTaskMemory  freertos.o
    0x08003904   0x08003904   0x00000016   Code   RO         3585    i.vListInitialise   list.o
    0x0800391a   0x0800391a   0x00000006   Code   RO         3586    i.vListInitialiseItem  list.o
    0x08003920   0x08003920   0x00000030   Code   RO         3587    i.vListInsert       list.o
    0x08003950   0x08003950   0x00000018   Code   RO         3588    i.vListInsertEnd    list.o
    0x08003968   0x08003968   0x00000040   Code   RO         4705    i.vPortEnterCritical  port.o
    0x080039a8   0x080039a8   0x00000028   Code   RO         4706    i.vPortExitCritical  port.o
    0x080039d0   0x080039d0   0x00000064   Code   RO         4636    i.vPortFree         heap_4.o
    0x08003a34   0x08003a34   0x00000024   Code   RO         4707    i.vPortSetupTimerInterrupt  port.o
    0x08003a58   0x08003a58   0x0000004c   Code   RO         3962    i.vTaskDelay        tasks.o
    0x08003aa4   0x08003aa4   0x0000006c   Code   RO         3975    i.vTaskStartScheduler  tasks.o
    0x08003b10   0x08003b10   0x00000010   Code   RO         3977    i.vTaskSuspendAll   tasks.o
    0x08003b20   0x08003b20   0x0000005c   Code   RO         3978    i.vTaskSwitchContext  tasks.o
    0x08003b7c   0x08003b7c   0x000000f4   Code   RO         4709    i.xPortStartScheduler  port.o
    0x08003c70   0x08003c70   0x0000005a   Code   RO         3981    i.xTaskCreate       tasks.o
    0x08003cca   0x08003cca   0x00000056   Code   RO         3982    i.xTaskCreateStatic  tasks.o
    0x08003d20   0x08003d20   0x000000cc   Code   RO         3989    i.xTaskIncrementTick  tasks.o
    0x08003dec   0x08003dec   0x000000c4   Code   RO         3995    i.xTaskResumeAll    tasks.o
    0x08003eb0   0x08003eb0   0x00000038   Data   RO          283    .constdata          freertos.o
    0x08003ee8   0x08003ee8   0x00000008   Data   RO         1457    .constdata          stm32f4xx_hal_dma.o
    0x08003ef0   0x08003ef0   0x00000010   Data   RO         3447    .constdata          system_stm32f4xx.o
    0x08003f00   0x08003f00   0x00000008   Data   RO         3448    .constdata          system_stm32f4xx.o
    0x08003f08   0x08003f08   0x00000040   Data   RO         4841    .constdata          mc_w.l(ctype_c.o)
    0x08003f48   0x08003f48   0x00000018   Data   RO          284    .conststring        freertos.o
    0x08003f60   0x08003f60   0x00000020   Data   RO         4851    Region$$Table       anon$$obj.o


    Execution Region RW_IRAM1 (Exec base: 0x20000000, Load base: 0x08003f80, Size: 0x00004a48, Max: 0x0001c000, ABSOLUTE)

    Exec Addr    Load Addr    Size         Type   Attr      Idx    E Section Name        Object

    0x20000000   0x08003f80   0x00000004   Data   RW           21    .data               main.o
    0x20000004   0x08003f84   0x00000004   Data   RW           22    .data               main.o
    0x20000008   0x08003f88   0x00000004   Data   RW           23    .data               main.o
    0x2000000c   0x08003f8c   0x00000004   Data   RW           24    .data               main.o
    0x20000010   0x08003f90   0x00000004   Data   RW           25    .data               main.o
    0x20000014   0x08003f94   0x00000004   Data   RW           26    .data               main.o
    0x20000018   0x08003f98   0x00000004   Data   RW           27    .data               main.o
    0x2000001c   0x08003f9c   0x00000008   Data   RW          286    .data               freertos.o
    0x20000024   0x08003fa4   0x00000008   Data   RW          456    .data               stm32f4xx_it.o
    0x2000002c   0x08003fac   0x00000009   Data   RW          611    .data               bsp_can.o
    0x20000035   0x08003fb5   0x00000003   PAD
    0x20000038   0x08003fb8   0x0000000c   Data   RW         1884    .data               stm32f4xx_hal.o
    0x20000044   0x08003fc4   0x00000004   Data   RW         3449    .data               system_stm32f4xx.o
    0x20000048   0x08003fc8   0x0000003c   Data   RW         3998    .data               tasks.o
    0x20000084   0x08004004   0x00000020   Data   RW         4642    .data               heap_4.o
    0x200000a4   0x08004024   0x0000000c   Data   RW         4710    .data               port.o
    0x200000b0   0x08004030   0x00000004   Data   RW         4821    .data               mc_w.l(errno.o)
    0x200000b4        -       0x000000ff   Zero   RW           19    .bss                main.o
    0x200001b3   0x08004034   0x00000001   PAD
    0x200001b4        -       0x00000274   Zero   RW          282    .bss                freertos.o
    0x20000428        -       0x00000028   Zero   RW          339    .bss                can.o
    0x20000450        -       0x00000104   Zero   RW          405    .bss                usart.o
    0x20000554        -       0x00000048   Zero   RW          568    .bss                stm32f4xx_hal_timebase_tim.o
    0x2000059c        -       0x00000088   Zero   RW          609    .bss                bsp_can.o
    0x20000624        -       0x00000010   Zero   RW          610    .bss                bsp_can.o
    0x20000634        -       0x00000320   Zero   RW          665    .bss                angle_loop.o
    0x20000954        -       0x000000f0   Zero   RW         3997    .bss                tasks.o
    0x20000a44        -       0x00003c00   Zero   RW         4641    .bss                heap_4.o
    0x20004644   0x08004034   0x00000004   PAD
    0x20004648        -       0x00000400   Zero   RW            1    STACK               startup_stm32f407xx.o


    Execution Region RW_IRAM2 (Exec base: 0x2001c000, Load base: 0x08004034, Size: 0x00000000, Max: 0x00004000, ABSOLUTE)

    **** No section assigned to this execution region ****


==============================================================================

Image component sizes


      Code (inc. data)   RO Data    RW Data    ZI Data      Debug   Object Name

       492         28          0          0        800       4661   angle_loop.o
       282         34          0          9        152       4653   bsp_can.o
       204         22          0          0         40       1825   can.o
       120          0          0          0          0      23553   cmsis_os.o
        60          4          0          0          0        842   dma.o
         0          0          0          0          0      17000   event_groups.o
       196         44         80          8        628       3718   freertos.o
        60          6          0          0          0        895   gpio.o
       472         24          0         32      15360       7619   heap_4.o
       138          0          0          0          0       3722   list.o
       312         40          0         28        255     737563   main.o
       322         20          0          0          0       2667   pid.o
       702         72          0         12          0      11320   port.o
        36          8        392          0       1024        864   startup_stm32f407xx.o
        80         14          0         12          0       8258   stm32f4xx_hal.o
      1658          6          0          0          0      14863   stm32f4xx_hal_can.o
       158         14          0          0          0      33302   stm32f4xx_hal_cortex.o
      1084         16          8          0          0       7618   stm32f4xx_hal_dma.o
       496         46          0          0          0       1596   stm32f4xx_hal_gpio.o
        56          4          0          0          0        926   stm32f4xx_hal_msp.o
      1408         82          0          0          0       6109   stm32f4xx_hal_rcc.o
       786         72          0          0          0       7656   stm32f4xx_hal_tim.o
         4          0          0          0          0       1693   stm32f4xx_hal_tim_ex.o
       152         20          0          0         72       1571   stm32f4xx_hal_timebase_tim.o
      1838         30          0          0          0      14401   stm32f4xx_hal_uart.o
       300         62          0          8          0       7305   stm32f4xx_it.o
         0          0          0          0          0        384   stream_buffer.o
        16          4         24          4          0       1219   system_stm32f4xx.o
      1520        112          0         60        240      19982   tasks.o
       288         28          0          0        260       2024   usart.o

    ----------------------------------------------------------------------
     13272        812        536        176      18836     949809   Object Totals
         0          0         32          0          0          0   (incl. Generated)
        32          0          0          3          5          0   (incl. Padding)

    ----------------------------------------------------------------------

      Code (inc. data)   RO Data    RW Data    ZI Data      Debug   Library Member Name

        56         12          0          0          0        132   atof.o
        64          0          0          0          0         84   _sgetc.o
        40          6         64          0          0         68   ctype_c.o
         0          0          0          0          0          0   entry.o
         0          0          0          0          0          0   entry10a.o
         0          0          0          0          0          0   entry11a.o
         4          0          0          0          0          0   entry12b.o
         8          4          0          0          0          0   entry2.o
         4          0          0          0          0          0   entry5.o
         0          0          0          0          0          0   entry7b.o
         0          0          0          0          0          0   entry8b.o
         8          4          0          0          0          0   entry9a.o
        24         12          0          4          0        136   errno.o
        30          0          0          0          0          0   handlers.o
        36          8          0          0          0         68   init.o
        10          0          0          0          0         68   isspace_c.o
         0          0          0          0          0          0   iusefp.o
        30          0          0          0          0         68   llshl.o
        32          0          0          0          0         68   llushr.o
        36          0          0          0          0         68   memcpya.o
        36          0          0          0          0        108   memseta.o
       878         12          0          0          0        216   scanf_fp.o
       156         12          0          0          0        120   strtod.o
        98          0          0          0          0         92   uldiv.o
        56          0          0          0          0         88   d2f.o
       222          0          0          0          0        100   ddiv.o
       186          0          0          0          0        176   depilogue.o
        24          0          0          0          0         76   dfltul.o
       228          0          0          0          0         96   dmul.o
       110          0          0          0          0        168   fepilogue.o

    ----------------------------------------------------------------------
      2384         70         64          4          0       2000   Library Totals
         8          0          0          0          0          0   (incl. Padding)

    ----------------------------------------------------------------------

      Code (inc. data)   RO Data    RW Data    ZI Data      Debug   Library Name

        56         12          0          0          0        132   m_wm.l
      1494         58         64          4          0       1164   mc_w.l
       826          0          0          0          0        704   mf_w.l

    ----------------------------------------------------------------------
      2384         70         64          4          0       2000   Library Totals

    ----------------------------------------------------------------------

==============================================================================


      Code (inc. data)   RO Data    RW Data    ZI Data      Debug   

     15656        882        600        180      18836     937081   Grand Totals
     15656        882        600        180      18836     937081   ELF Image Totals
     15656        882        600        180          0          0   ROM Totals

==============================================================================

    Total RO  Size (Code + RO Data)                16256 (  15.88kB)
    Total RW  Size (RW Data + ZI Data)             19016 (  18.57kB)
    Total ROM Size (Code + RO Data + RW Data)      16436 (  16.05kB)

==============================================================================

