<html>
<body>
<pre>
<h1>µVision Build Log</h1>
<h2>Tool Versions:</h2>
IDE-Version: ¦ÌVision V5.33.0.0
Copyright (C) 2020 ARM Ltd and ARM Germany GmbH. All rights reserved.
License Information: 1 james021103@126.com, 1, LIC=AK1BF-6HSFV-687FC-7KS8B-UIXFX-RV5UB
 
Tool Versions:
Toolchain:       MDK-ARM Professional  Version: 5.33.0.0
Toolchain Path:  F:\keil\ARM\ARMCC\Bin
C Compiler:      Armcc.exe V5.06 update 7 (build 960)
Assembler:       Armasm.exe V5.06 update 7 (build 960)
Linker/Locator:  ArmLink.exe V5.06 update 7 (build 960)
Library Manager: ArmAr.exe V5.06 update 7 (build 960)
Hex Converter:   FromElf.exe V5.06 update 7 (build 960)
CPU DLL:         SARMCM3.DLL V5.33.0.0
Dialog DLL:      DCM.DLL V1.17.3.0
Target DLL:      STLink\ST-LINKIII-KEIL_SWO.dll V3.0.8.0
Dialog DLL:      TCM.DLL V1.48.0.0
 
<h2>Project:</h2>
F:\THE_LIBRARY\CODE_BASE\ROBOSERVO\THE PID-CON -0.1-use branch-0.2\MDK-ARM\THE PID-CON-0.1-current-branch-0.2.uvprojx
Project File Date:  07/12/2023

<h2>Output:</h2>
*** Using Compiler 'V5.06 update 7 (build 960)', folder: 'F:\keil\ARM\ARMCC\Bin'
Rebuild target 'THE PID-CON-0.1-current-branch-0.2'
assembling startup_stm32f407xx.s...
compiling pid.c...
compiling usart.c...
compiling stm32f4xx_hal_timebase_tim.c...
compiling stm32f4xx_it.c...
..\MDK-ARM\Angle_loop.h(19): warning:  #1295-D: Deprecated declaration motor_state_update - give arg types
  void motor_state_update();
..\MDK-ARM\Angle_loop.h(23): warning:  #1-D: last line of file ends without a newline
  #endif
../Core/Src/stm32f4xx_it.c: 2 warnings, 0 errors
compiling bsp_can.c...
compiling Angle_loop.c...
compiling can.c...
compiling stm32f4xx_hal_rcc.c...
compiling gpio.c...
compiling dma.c...
compiling stm32f4xx_hal_msp.c...
compiling stm32f4xx_hal_rcc_ex.c...
compiling stm32f4xx_hal_can.c...
compiling main.c...
..\MDK-ARM\Angle_loop.h(19): warning:  #1295-D: Deprecated declaration motor_state_update - give arg types
  void motor_state_update();
..\MDK-ARM\Angle_loop.h(23): warning:  #1-D: last line of file ends without a newline
  #endif
../Core/Src/main.c: 2 warnings, 0 errors
compiling freertos.c...
..\MDK-ARM\Angle_loop.h(19): warning:  #1295-D: Deprecated declaration motor_state_update - give arg types
  void motor_state_update();
..\MDK-ARM\Angle_loop.h(23): warning:  #1-D: last line of file ends without a newline
  #endif
../Core/Src/freertos.c: 2 warnings, 0 errors
compiling stm32f4xx_hal_dma.c...
compiling stm32f4xx_hal_dma_ex.c...
compiling stm32f4xx_hal_flash_ramfunc.c...
compiling stm32f4xx_hal_pwr.c...
compiling stm32f4xx_hal_exti.c...
compiling croutine.c...
compiling stm32f4xx_hal_pwr_ex.c...
compiling event_groups.c...
compiling list.c...
compiling stm32f4xx_hal.c...
compiling stm32f4xx_hal_flash_ex.c...
compiling stm32f4xx_hal_flash.c...
compiling timers.c...
compiling stm32f4xx_hal_cortex.c...
compiling stream_buffer.c...
compiling queue.c...
compiling stm32f4xx_hal_gpio.c...
compiling heap_4.c...
compiling tasks.c...
compiling port.c...
compiling cmsis_os.c...
compiling stm32f4xx_hal_tim_ex.c...
compiling stm32f4xx_hal_uart.c...
compiling stm32f4xx_hal_tim.c...
compiling system_stm32f4xx.c...
linking...
Program Size: Code=15656 RO-data=600 RW-data=180 ZI-data=18836  
FromELF: creating hex file...
"THE PID-CON-0.1-current-branch-0.2\THE PID-CON-0.1-current-branch-0.2" - 0 Error(s), 6 Warning(s).

<h2>Software Packages used:</h2>

Package Vendor: ARM
                http://www.keil.com/pack/ARM.CMSIS.5.8.0.pack
                ARM.CMSIS.5.8.0
                CMSIS (Common Microcontroller Software Interface Standard)
   * Component: CORE Version: 5.5.0

Package Vendor: Keil
                https://www.keil.com/pack/Keil.STM32F4xx_DFP.2.17.0.pack
                Keil.STM32F4xx_DFP.2.17.0
                STMicroelectronics STM32F4 Series Device Support, Drivers and Examples

<h2>Collection of Component include folders:</h2>
  .\RTE\_THE_PID-CON-0.1-current-branch-0.2
  F:\keil\ARM\PACK\ARM\CMSIS\5.8.0\CMSIS\Core\Include
  F:\keil\ARM\PACK\Keil\STM32F4xx_DFP\2.17.0\Drivers\CMSIS\Device\ST\STM32F4xx\Include

<h2>Collection of Component Files used:</h2>

   * Component: ARM::CMSIS:CORE:5.5.0
      Include file:  CMSIS\Core\Include\tz_context.h
Build Time Elapsed:  00:00:09
</pre>
</body>
</html>
